2026-01-29 11:44:19,964 - INFO - Found 8 log files in directory C:\Users\zsh\Desktop\out_tmp
2026-01-29 11:44:19,964 - INFO - Starting to parse file: C:\Users\zsh\Desktop\out_tmp\unknown_20260111_085516_28354.log
2026-01-29 11:44:19,972 - INFO - File C:\Users\zsh\Desktop\out_tmp\unknown_20260111_085516_28354.log read partially (latest 2 save_count groups), total 845 lines
2026-01-29 11:44:19,977 - INFO - Starting to parse file: C:\Users\zsh\Desktop\out_tmp\unknown_20260111_085516_28355.log
2026-01-29 11:44:19,984 - INFO - File C:\Users\zsh\Desktop\out_tmp\unknown_20260111_085516_28355.log read partially (latest 2 save_count groups), total 845 lines
2026-01-29 11:44:19,989 - INFO - Starting to parse file: C:\Users\zsh\Desktop\out_tmp\unknown_20260111_085516_28356.log
2026-01-29 11:44:19,995 - INFO - File C:\Users\zsh\Desktop\out_tmp\unknown_20260111_085516_28356.log read partially (latest 2 save_count groups), total 780 lines
2026-01-29 11:44:20,000 - INFO - Starting to parse file: C:\Users\zsh\Desktop\out_tmp\unknown_20260111_085516_28357.log
2026-01-29 11:44:20,006 - INFO - File C:\Users\zsh\Desktop\out_tmp\unknown_20260111_085516_28357.log read partially (latest 2 save_count groups), total 782 lines
2026-01-29 11:44:20,009 - INFO - Starting to parse file: C:\Users\zsh\Desktop\out_tmp\unknown_20260111_085516_28358.log
2026-01-29 11:44:20,016 - INFO - File C:\Users\zsh\Desktop\out_tmp\unknown_20260111_085516_28358.log read partially (latest 2 save_count groups), total 791 lines
2026-01-29 11:44:20,021 - INFO - Starting to parse file: C:\Users\zsh\Desktop\out_tmp\unknown_20260111_085516_28359.log
2026-01-29 11:44:20,027 - INFO - File C:\Users\zsh\Desktop\out_tmp\unknown_20260111_085516_28359.log read partially (latest 2 save_count groups), total 795 lines
2026-01-29 11:44:20,034 - INFO - Starting to parse file: C:\Users\zsh\Desktop\out_tmp\unknown_20260111_085516_28360.log
2026-01-29 11:44:20,039 - INFO - File C:\Users\zsh\Desktop\out_tmp\unknown_20260111_085516_28360.log read partially (latest 2 save_count groups), total 902 lines
2026-01-29 11:44:20,044 - INFO - Starting to parse file: C:\Users\zsh\Desktop\out_tmp\unknown_20260111_085516_28361.log
2026-01-29 11:44:20,050 - INFO - File C:\Users\zsh\Desktop\out_tmp\unknown_20260111_085516_28361.log read partially (latest 2 save_count groups), total 902 lines
2026-01-29 11:44:20,054 - INFO - Parsing completed, found logs for 8 ranks
2026-01-29 11:44:20,055 - INFO - Rank 0: 845 records
2026-01-29 11:44:20,055 - INFO - Rank 1: 845 records
2026-01-29 11:44:20,055 - INFO - Rank 2: 780 records
2026-01-29 11:44:20,055 - INFO - Rank 3: 782 records
2026-01-29 11:44:20,055 - INFO - Rank 4: 791 records
2026-01-29 11:44:20,055 - INFO - Rank 5: 795 records
2026-01-29 11:44:20,055 - INFO - Rank 6: 902 records
2026-01-29 11:44:20,055 - INFO - Rank 7: 902 records
2026-01-29 11:44:20,056 - INFO - ============================================================
2026-01-29 11:44:20,056 - INFO - Starting Distributed Training Log Hang Detection Analysis
2026-01-29 11:44:20,056 - INFO - ============================================================
2026-01-29 11:44:20,056 - INFO - Rank 0 found 3 streams
2026-01-29 11:44:20,056 - INFO -   Stream 0: 517 records
2026-01-29 11:44:20,056 - INFO -   Stream 0x1061e350: 308 records
2026-01-29 11:44:20,056 - INFO -   Stream 0xa72f390: 20 records
2026-01-29 11:44:20,056 - INFO - Rank 1 found 3 streams
2026-01-29 11:44:20,057 - INFO -   Stream 0: 517 records
2026-01-29 11:44:20,057 - INFO -   Stream 0x109812c0: 308 records
2026-01-29 11:44:20,057 - INFO -   Stream 0xaa14f00: 20 records
2026-01-29 11:44:20,057 - INFO - Rank 2 found 3 streams
2026-01-29 11:44:20,057 - INFO -   Stream 0xfb96810: 44 records
2026-01-29 11:44:20,057 - INFO -   Stream 0: 451 records
2026-01-29 11:44:20,057 - INFO -   Stream 0x9c7d6c0: 285 records
2026-01-29 11:44:20,057 - INFO - Rank 3 found 3 streams
2026-01-29 11:44:20,058 - INFO -   Stream 0x1065cff0: 44 records
2026-01-29 11:44:20,058 - INFO -   Stream 0: 452 records
2026-01-29 11:44:20,058 - INFO -   Stream 0xa792230: 286 records
2026-01-29 11:44:20,058 - INFO - Rank 4 found 3 streams
2026-01-29 11:44:20,058 - INFO -   Stream 0xf2e9780: 44 records
2026-01-29 11:44:20,058 - INFO -   Stream 0: 439 records
2026-01-29 11:44:20,058 - INFO -   Stream 0x940a740: 308 records
2026-01-29 11:44:20,058 - INFO - Rank 5 found 3 streams
2026-01-29 11:44:20,059 - INFO -   Stream 0x103d78c0: 44 records
2026-01-29 11:44:20,059 - INFO -   Stream 0: 443 records
2026-01-29 11:44:20,059 - INFO -   Stream 0xa47e510: 308 records
2026-01-29 11:44:20,059 - INFO - Rank 6 found 3 streams
2026-01-29 11:44:20,059 - INFO -   Stream 0: 550 records
2026-01-29 11:44:20,059 - INFO -   Stream 0x983d930: 330 records
2026-01-29 11:44:20,059 - INFO -   Stream 0xf76cb60: 22 records
2026-01-29 11:44:20,060 - INFO - Rank 7 found 3 streams
2026-01-29 11:44:20,060 - INFO -   Stream 0: 550 records
2026-01-29 11:44:20,060 - INFO -   Stream 0x9e7e280: 330 records
2026-01-29 11:44:20,060 - INFO -   Stream 0x1007c890: 22 records
2026-01-29 11:44:20,060 - INFO - Rank 0 Stream 0 last operation: ncclReduceScatter (opCount 18200)
2026-01-29 11:44:20,060 - INFO - Rank 0 Stream 0x1061e350 last operation: ncclReduceScatter (opCount 10612)
2026-01-29 11:44:20,060 - INFO - Rank 0 Stream 0xa72f390 last operation: ncclRecv (opCount 761)
2026-01-29 11:44:20,060 - INFO - Rank 1 Stream 0 last operation: ncclReduceScatter (opCount 18200)
2026-01-29 11:44:20,060 - INFO - Rank 1 Stream 0x109812c0 last operation: ncclReduceScatter (opCount 10612)
2026-01-29 11:44:20,060 - INFO - Rank 1 Stream 0xaa14f00 last operation: ncclRecv (opCount 761)
2026-01-29 11:44:20,061 - INFO - Rank 2 Stream 0xfb96810 last operation: ncclRecv (opCount 1523)
2026-01-29 11:44:20,061 - INFO - Rank 2 Stream 0 last operation: ncclAllGather (opCount 16264)
2026-01-29 11:44:20,061 - INFO - Rank 2 Stream 0x9c7d6c0 last operation: ncclAllGather (opCount 10617)
2026-01-29 11:44:20,061 - INFO - Rank 3 Stream 0x1065cff0 last operation: ncclRecv (opCount 1523)
2026-01-29 11:44:20,061 - INFO - Rank 3 Stream 0 last operation: ncclAllGather (opCount 16265)
2026-01-29 11:44:20,061 - INFO - Rank 3 Stream 0xa792230 last operation: ncclReduceScatter (opCount 10618)
2026-01-29 11:44:20,061 - INFO - Rank 4 Stream 0xf2e9780 last operation: ncclRecv (opCount 1523)
2026-01-29 11:44:20,061 - INFO - Rank 4 Stream 0 last operation: ncclAllGather (opCount 16252)
2026-01-29 11:44:20,061 - INFO - Rank 4 Stream 0x940a740 last operation: ncclReduceScatter (opCount 10640)
2026-01-29 11:44:20,061 - INFO - Rank 5 Stream 0x103d78c0 last operation: ncclRecv (opCount 1523)
2026-01-29 11:44:20,061 - INFO - Rank 5 Stream 0 last operation: ncclAllGather (opCount 16256)
2026-01-29 11:44:20,061 - INFO - Rank 5 Stream 0xa47e510 last operation: ncclReduceScatter (opCount 10640)
2026-01-29 11:44:20,062 - INFO - Rank 6 Stream 0 last operation: ncclAllReduce (opCount 19294)
2026-01-29 11:44:20,062 - INFO - Rank 6 Stream 0x983d930 last operation: ncclReduceScatter (opCount 11400)
2026-01-29 11:44:20,062 - INFO - Rank 6 Stream 0xf76cb60 last operation: ncclRecv (opCount 761)
2026-01-29 11:44:20,062 - INFO - Rank 7 Stream 0 last operation: ncclAllReduce (opCount 19294)
2026-01-29 11:44:20,062 - INFO - Rank 7 Stream 0x9e7e280 last operation: ncclReduceScatter (opCount 11400)
2026-01-29 11:44:20,062 - INFO - Rank 7 Stream 0x1007c890 last operation: ncclRecv (opCount 761)
2026-01-29 11:44:20,062 - INFO - ============================================================
2026-01-29 11:44:20,062 - INFO - Hang Detection Analysis Completed
2026-01-29 11:44:20,062 - INFO - ============================================================
2026-01-29 11:44:20,062 - INFO - Hang detection completed: found 24 potential hang situations
2026-01-29 11:44:20,063 - INFO - 
2026-01-29 11:44:20,063 - INFO - ============================================================
2026-01-29 11:44:20,063 - INFO - Min OpCount Rank (Stuck Rank) Information:
2026-01-29 11:44:20,063 - INFO - Rank: 2, PCI: 0000:3A:00.0
2026-01-29 11:44:20,063 - INFO - Hostname: node201, IP: 10.1.3.201
2026-01-29 11:44:20,063 - INFO - ============================================================
2026-01-29 11:44:20,067 - INFO - Found 8 log files in directory C:\Users\zsh\Desktop\out_tmp
2026-01-29 11:44:20,068 - INFO - Starting to parse file: C:\Users\zsh\Desktop\out_tmp\unknown_20260111_085516_28354.log
2026-01-29 11:44:20,070 - INFO - File C:\Users\zsh\Desktop\out_tmp\unknown_20260111_085516_28354.log read partially (latest 2 save_count groups), total 845 lines
2026-01-29 11:44:20,073 - INFO - Starting to parse file: C:\Users\zsh\Desktop\out_tmp\unknown_20260111_085516_28355.log
2026-01-29 11:44:20,075 - INFO - File C:\Users\zsh\Desktop\out_tmp\unknown_20260111_085516_28355.log read partially (latest 2 save_count groups), total 845 lines
2026-01-29 11:44:20,078 - INFO - Starting to parse file: C:\Users\zsh\Desktop\out_tmp\unknown_20260111_085516_28356.log
2026-01-29 11:44:20,080 - INFO - File C:\Users\zsh\Desktop\out_tmp\unknown_20260111_085516_28356.log read partially (latest 2 save_count groups), total 780 lines
2026-01-29 11:44:20,084 - INFO - Starting to parse file: C:\Users\zsh\Desktop\out_tmp\unknown_20260111_085516_28357.log
2026-01-29 11:44:20,086 - INFO - File C:\Users\zsh\Desktop\out_tmp\unknown_20260111_085516_28357.log read partially (latest 2 save_count groups), total 782 lines
2026-01-29 11:44:20,089 - INFO - Starting to parse file: C:\Users\zsh\Desktop\out_tmp\unknown_20260111_085516_28358.log
2026-01-29 11:44:20,091 - INFO - File C:\Users\zsh\Desktop\out_tmp\unknown_20260111_085516_28358.log read partially (latest 2 save_count groups), total 791 lines
2026-01-29 11:44:20,094 - INFO - Starting to parse file: C:\Users\zsh\Desktop\out_tmp\unknown_20260111_085516_28359.log
2026-01-29 11:44:20,096 - INFO - File C:\Users\zsh\Desktop\out_tmp\unknown_20260111_085516_28359.log read partially (latest 2 save_count groups), total 795 lines
2026-01-29 11:44:20,099 - INFO - Starting to parse file: C:\Users\zsh\Desktop\out_tmp\unknown_20260111_085516_28360.log
2026-01-29 11:44:20,101 - INFO - File C:\Users\zsh\Desktop\out_tmp\unknown_20260111_085516_28360.log read partially (latest 2 save_count groups), total 902 lines
2026-01-29 11:44:20,104 - INFO - Starting to parse file: C:\Users\zsh\Desktop\out_tmp\unknown_20260111_085516_28361.log
2026-01-29 11:44:20,107 - INFO - File C:\Users\zsh\Desktop\out_tmp\unknown_20260111_085516_28361.log read partially (latest 2 save_count groups), total 902 lines
2026-01-29 11:44:20,110 - INFO - Parsing completed, found logs for 8 ranks
2026-01-29 11:44:20,111 - INFO - Rank 0: 845 records
2026-01-29 11:44:20,111 - INFO - Rank 1: 845 records
2026-01-29 11:44:20,111 - INFO - Rank 2: 780 records
2026-01-29 11:44:20,112 - INFO - Rank 3: 782 records
2026-01-29 11:44:20,112 - INFO - Rank 4: 791 records
2026-01-29 11:44:20,113 - INFO - Rank 5: 795 records
2026-01-29 11:44:20,113 - INFO - Rank 6: 902 records
2026-01-29 11:44:20,113 - INFO - Rank 7: 902 records
2026-01-29 11:44:20,114 - INFO - ============================================================
2026-01-29 11:44:20,114 - INFO - Starting Slow Node Detection Analysis
2026-01-29 11:44:20,115 - INFO - ============================================================
2026-01-29 11:44:20,115 - INFO - 
================================================================================
2026-01-29 11:44:20,115 - INFO - GROUP HASH BASED SLOW DETECTION ANALYSIS
2026-01-29 11:44:20,115 - INFO - ================================================================================
2026-01-29 11:44:20,116 - ERROR -   • GroupHash analysis failed: GroupHashSlowDetector.__init__() got an unexpected keyword argument 'rank_entries'
2026-01-29 11:48:00,208 - INFO - Found 8 log files in directory C:\Users\zsh\Desktop\out_tmp
2026-01-29 11:48:00,209 - INFO - Starting to parse file: C:\Users\zsh\Desktop\out_tmp\unknown_20260111_085516_28354.log
2026-01-29 11:48:00,211 - INFO - File C:\Users\zsh\Desktop\out_tmp\unknown_20260111_085516_28354.log read partially (latest 2 save_count groups), total 845 lines
2026-01-29 11:48:00,214 - INFO - Starting to parse file: C:\Users\zsh\Desktop\out_tmp\unknown_20260111_085516_28355.log
2026-01-29 11:48:00,217 - INFO - File C:\Users\zsh\Desktop\out_tmp\unknown_20260111_085516_28355.log read partially (latest 2 save_count groups), total 845 lines
2026-01-29 11:48:00,220 - INFO - Starting to parse file: C:\Users\zsh\Desktop\out_tmp\unknown_20260111_085516_28356.log
2026-01-29 11:48:00,223 - INFO - File C:\Users\zsh\Desktop\out_tmp\unknown_20260111_085516_28356.log read partially (latest 2 save_count groups), total 780 lines
2026-01-29 11:48:00,226 - INFO - Starting to parse file: C:\Users\zsh\Desktop\out_tmp\unknown_20260111_085516_28357.log
2026-01-29 11:48:00,228 - INFO - File C:\Users\zsh\Desktop\out_tmp\unknown_20260111_085516_28357.log read partially (latest 2 save_count groups), total 782 lines
2026-01-29 11:48:00,231 - INFO - Starting to parse file: C:\Users\zsh\Desktop\out_tmp\unknown_20260111_085516_28358.log
2026-01-29 11:48:00,234 - INFO - File C:\Users\zsh\Desktop\out_tmp\unknown_20260111_085516_28358.log read partially (latest 2 save_count groups), total 791 lines
2026-01-29 11:48:00,237 - INFO - Starting to parse file: C:\Users\zsh\Desktop\out_tmp\unknown_20260111_085516_28359.log
2026-01-29 11:48:00,240 - INFO - File C:\Users\zsh\Desktop\out_tmp\unknown_20260111_085516_28359.log read partially (latest 2 save_count groups), total 795 lines
2026-01-29 11:48:00,243 - INFO - Starting to parse file: C:\Users\zsh\Desktop\out_tmp\unknown_20260111_085516_28360.log
2026-01-29 11:48:00,245 - INFO - File C:\Users\zsh\Desktop\out_tmp\unknown_20260111_085516_28360.log read partially (latest 2 save_count groups), total 902 lines
2026-01-29 11:48:00,249 - INFO - Starting to parse file: C:\Users\zsh\Desktop\out_tmp\unknown_20260111_085516_28361.log
2026-01-29 11:48:00,251 - INFO - File C:\Users\zsh\Desktop\out_tmp\unknown_20260111_085516_28361.log read partially (latest 2 save_count groups), total 902 lines
2026-01-29 11:48:00,258 - INFO - Parsing completed, found logs for 8 ranks
2026-01-29 11:48:00,258 - INFO - Rank 0: 845 records
2026-01-29 11:48:00,258 - INFO - Rank 1: 845 records
2026-01-29 11:48:00,258 - INFO - Rank 2: 780 records
2026-01-29 11:48:00,259 - INFO - Rank 3: 782 records
2026-01-29 11:48:00,259 - INFO - Rank 4: 791 records
2026-01-29 11:48:00,259 - INFO - Rank 5: 795 records
2026-01-29 11:48:00,259 - INFO - Rank 6: 902 records
2026-01-29 11:48:00,259 - INFO - Rank 7: 902 records
2026-01-29 11:48:00,260 - INFO - ============================================================
2026-01-29 11:48:00,260 - INFO - Starting Distributed Training Log Hang Detection Analysis
2026-01-29 11:48:00,260 - INFO - ============================================================
2026-01-29 11:48:00,260 - INFO - Rank 0 found 3 streams
2026-01-29 11:48:00,260 - INFO -   Stream 0: 517 records
2026-01-29 11:48:00,260 - INFO -   Stream 0x1061e350: 308 records
2026-01-29 11:48:00,260 - INFO -   Stream 0xa72f390: 20 records
2026-01-29 11:48:00,261 - INFO - Rank 1 found 3 streams
2026-01-29 11:48:00,261 - INFO -   Stream 0: 517 records
2026-01-29 11:48:00,261 - INFO -   Stream 0x109812c0: 308 records
2026-01-29 11:48:00,261 - INFO -   Stream 0xaa14f00: 20 records
2026-01-29 11:48:00,261 - INFO - Rank 2 found 3 streams
2026-01-29 11:48:00,261 - INFO -   Stream 0xfb96810: 44 records
2026-01-29 11:48:00,261 - INFO -   Stream 0: 451 records
2026-01-29 11:48:00,261 - INFO -   Stream 0x9c7d6c0: 285 records
2026-01-29 11:48:00,262 - INFO - Rank 3 found 3 streams
2026-01-29 11:48:00,262 - INFO -   Stream 0x1065cff0: 44 records
2026-01-29 11:48:00,262 - INFO -   Stream 0: 452 records
2026-01-29 11:48:00,262 - INFO -   Stream 0xa792230: 286 records
2026-01-29 11:48:00,262 - INFO - Rank 4 found 3 streams
2026-01-29 11:48:00,262 - INFO -   Stream 0xf2e9780: 44 records
2026-01-29 11:48:00,263 - INFO -   Stream 0: 439 records
2026-01-29 11:48:00,263 - INFO -   Stream 0x940a740: 308 records
2026-01-29 11:48:00,263 - INFO - Rank 5 found 3 streams
2026-01-29 11:48:00,263 - INFO -   Stream 0x103d78c0: 44 records
2026-01-29 11:48:00,263 - INFO -   Stream 0: 443 records
2026-01-29 11:48:00,263 - INFO -   Stream 0xa47e510: 308 records
2026-01-29 11:48:00,264 - INFO - Rank 6 found 3 streams
2026-01-29 11:48:00,264 - INFO -   Stream 0: 550 records
2026-01-29 11:48:00,264 - INFO -   Stream 0x983d930: 330 records
2026-01-29 11:48:00,264 - INFO -   Stream 0xf76cb60: 22 records
2026-01-29 11:48:00,264 - INFO - Rank 7 found 3 streams
2026-01-29 11:48:00,264 - INFO -   Stream 0: 550 records
2026-01-29 11:48:00,264 - INFO -   Stream 0x9e7e280: 330 records
2026-01-29 11:48:00,264 - INFO -   Stream 0x1007c890: 22 records
2026-01-29 11:48:00,265 - INFO - Rank 0 Stream 0 last operation: ncclReduceScatter (opCount 18200)
2026-01-29 11:48:00,265 - INFO - Rank 0 Stream 0x1061e350 last operation: ncclReduceScatter (opCount 10612)
2026-01-29 11:48:00,265 - INFO - Rank 0 Stream 0xa72f390 last operation: ncclRecv (opCount 761)
2026-01-29 11:48:00,265 - INFO - Rank 1 Stream 0 last operation: ncclReduceScatter (opCount 18200)
2026-01-29 11:48:00,265 - INFO - Rank 1 Stream 0x109812c0 last operation: ncclReduceScatter (opCount 10612)
2026-01-29 11:48:00,265 - INFO - Rank 1 Stream 0xaa14f00 last operation: ncclRecv (opCount 761)
2026-01-29 11:48:00,265 - INFO - Rank 2 Stream 0xfb96810 last operation: ncclRecv (opCount 1523)
2026-01-29 11:48:00,265 - INFO - Rank 2 Stream 0 last operation: ncclAllGather (opCount 16264)
2026-01-29 11:48:00,265 - INFO - Rank 2 Stream 0x9c7d6c0 last operation: ncclAllGather (opCount 10617)
2026-01-29 11:48:00,265 - INFO - Rank 3 Stream 0x1065cff0 last operation: ncclRecv (opCount 1523)
2026-01-29 11:48:00,265 - INFO - Rank 3 Stream 0 last operation: ncclAllGather (opCount 16265)
2026-01-29 11:48:00,265 - INFO - Rank 3 Stream 0xa792230 last operation: ncclReduceScatter (opCount 10618)
2026-01-29 11:48:00,266 - INFO - Rank 4 Stream 0xf2e9780 last operation: ncclRecv (opCount 1523)
2026-01-29 11:48:00,266 - INFO - Rank 4 Stream 0 last operation: ncclAllGather (opCount 16252)
2026-01-29 11:48:00,266 - INFO - Rank 4 Stream 0x940a740 last operation: ncclReduceScatter (opCount 10640)
2026-01-29 11:48:00,266 - INFO - Rank 5 Stream 0x103d78c0 last operation: ncclRecv (opCount 1523)
2026-01-29 11:48:00,266 - INFO - Rank 5 Stream 0 last operation: ncclAllGather (opCount 16256)
2026-01-29 11:48:00,266 - INFO - Rank 5 Stream 0xa47e510 last operation: ncclReduceScatter (opCount 10640)
2026-01-29 11:48:00,266 - INFO - Rank 6 Stream 0 last operation: ncclAllReduce (opCount 19294)
2026-01-29 11:48:00,266 - INFO - Rank 6 Stream 0x983d930 last operation: ncclReduceScatter (opCount 11400)
2026-01-29 11:48:00,266 - INFO - Rank 6 Stream 0xf76cb60 last operation: ncclRecv (opCount 761)
2026-01-29 11:48:00,266 - INFO - Rank 7 Stream 0 last operation: ncclAllReduce (opCount 19294)
2026-01-29 11:48:00,266 - INFO - Rank 7 Stream 0x9e7e280 last operation: ncclReduceScatter (opCount 11400)
2026-01-29 11:48:00,267 - INFO - Rank 7 Stream 0x1007c890 last operation: ncclRecv (opCount 761)
2026-01-29 11:48:00,267 - INFO - ============================================================
2026-01-29 11:48:00,267 - INFO - Hang Detection Analysis Completed
2026-01-29 11:48:00,267 - INFO - ============================================================
2026-01-29 11:48:00,267 - INFO - Hang detection completed: found 24 potential hang situations
2026-01-29 11:48:00,267 - INFO - 
2026-01-29 11:48:00,267 - INFO - ============================================================
2026-01-29 11:48:00,267 - INFO - Min OpCount Rank (Stuck Rank) Information:
2026-01-29 11:48:00,267 - INFO - Rank: 2, PCI: 0000:3A:00.0
2026-01-29 11:48:00,267 - INFO - Hostname: node201, IP: 10.1.3.201
2026-01-29 11:48:00,267 - INFO - ============================================================
2026-01-29 11:48:00,269 - INFO - Found 8 log files in directory C:\Users\zsh\Desktop\out_tmp
2026-01-29 11:48:00,270 - INFO - Starting to parse file: C:\Users\zsh\Desktop\out_tmp\unknown_20260111_085516_28354.log
2026-01-29 11:48:00,272 - INFO - File C:\Users\zsh\Desktop\out_tmp\unknown_20260111_085516_28354.log read partially (latest 2 save_count groups), total 845 lines
2026-01-29 11:48:00,275 - INFO - Starting to parse file: C:\Users\zsh\Desktop\out_tmp\unknown_20260111_085516_28355.log
2026-01-29 11:48:00,277 - INFO - File C:\Users\zsh\Desktop\out_tmp\unknown_20260111_085516_28355.log read partially (latest 2 save_count groups), total 845 lines
2026-01-29 11:48:00,281 - INFO - Starting to parse file: C:\Users\zsh\Desktop\out_tmp\unknown_20260111_085516_28356.log
2026-01-29 11:48:00,283 - INFO - File C:\Users\zsh\Desktop\out_tmp\unknown_20260111_085516_28356.log read partially (latest 2 save_count groups), total 780 lines
2026-01-29 11:48:00,286 - INFO - Starting to parse file: C:\Users\zsh\Desktop\out_tmp\unknown_20260111_085516_28357.log
2026-01-29 11:48:00,288 - INFO - File C:\Users\zsh\Desktop\out_tmp\unknown_20260111_085516_28357.log read partially (latest 2 save_count groups), total 782 lines
2026-01-29 11:48:00,291 - INFO - Starting to parse file: C:\Users\zsh\Desktop\out_tmp\unknown_20260111_085516_28358.log
2026-01-29 11:48:00,293 - INFO - File C:\Users\zsh\Desktop\out_tmp\unknown_20260111_085516_28358.log read partially (latest 2 save_count groups), total 791 lines
2026-01-29 11:48:00,296 - INFO - Starting to parse file: C:\Users\zsh\Desktop\out_tmp\unknown_20260111_085516_28359.log
2026-01-29 11:48:00,298 - INFO - File C:\Users\zsh\Desktop\out_tmp\unknown_20260111_085516_28359.log read partially (latest 2 save_count groups), total 795 lines
2026-01-29 11:48:00,300 - INFO - Starting to parse file: C:\Users\zsh\Desktop\out_tmp\unknown_20260111_085516_28360.log
2026-01-29 11:48:00,303 - INFO - File C:\Users\zsh\Desktop\out_tmp\unknown_20260111_085516_28360.log read partially (latest 2 save_count groups), total 902 lines
2026-01-29 11:48:00,306 - INFO - Starting to parse file: C:\Users\zsh\Desktop\out_tmp\unknown_20260111_085516_28361.log
2026-01-29 11:48:00,308 - INFO - File C:\Users\zsh\Desktop\out_tmp\unknown_20260111_085516_28361.log read partially (latest 2 save_count groups), total 902 lines
2026-01-29 11:48:00,312 - INFO - Parsing completed, found logs for 8 ranks
2026-01-29 11:48:00,312 - INFO - Rank 0: 845 records
2026-01-29 11:48:00,312 - INFO - Rank 1: 845 records
2026-01-29 11:48:00,313 - INFO - Rank 2: 780 records
2026-01-29 11:48:00,313 - INFO - Rank 3: 782 records
2026-01-29 11:48:00,313 - INFO - Rank 4: 791 records
2026-01-29 11:48:00,313 - INFO - Rank 5: 795 records
2026-01-29 11:48:00,313 - INFO - Rank 6: 902 records
2026-01-29 11:48:00,313 - INFO - Rank 7: 902 records
2026-01-29 11:48:00,314 - INFO - ============================================================
2026-01-29 11:48:00,314 - INFO - Starting Slow Node Detection Analysis
2026-01-29 11:48:00,314 - INFO - ============================================================
2026-01-29 11:48:00,314 - INFO - 
================================================================================
2026-01-29 11:48:00,314 - INFO - GROUP HASH BASED SLOW DETECTION ANALYSIS
2026-01-29 11:48:00,314 - INFO - ================================================================================
2026-01-29 11:48:00,314 - INFO - Running GroupHash-based slow detection analysis...
2026-01-29 11:48:00,340 - INFO -   • GroupHash Slow Rank Matrix (Rank vs Group, Normalized; non-participants shown as '-'):
2026-01-29 11:48:00,340 - INFO -     Rank   node_ip          hostname         gpu_pci         G1    G2    G3    G4    G5    G6    G7    G8    Total   
2026-01-29 11:48:00,341 - INFO -     --------------------------------------------------------------------------------------------------------------
2026-01-29 11:48:00,341 - INFO -     0      10.1.3.201       node201          0000:18:00.0    -     -     -     0     -     0     -     -     0       
2026-01-29 11:48:00,341 - INFO -     1      10.1.3.201       node201          0000:2A:00.0    0     -     -     -     -     763   -     -     763     
2026-01-29 11:48:00,341 - INFO -     2      10.1.3.201       node201          0000:3A:00.0    -     -     -     22    -     -     -     0     22      
2026-01-29 11:48:00,341 - INFO -     3      10.1.3.201       node201          0000:5D:00.0    22    -     -     -     -     -     -     680   702     
2026-01-29 11:48:00,342 - INFO -     4      10.1.3.201       node201          0000:84:00.0    -     -     -     22    133   -     -     -     155     
2026-01-29 11:48:00,342 - INFO -     5      10.1.3.201       node201          0000:8B:00.0    22    -     -     -     0     -     -     -     22      
2026-01-29 11:48:00,342 - INFO -     6      10.1.3.201       node201          0000:91:00.0    -     -     0     20    -     -     0     -     20      
2026-01-29 11:48:00,342 - INFO -     7      10.1.3.201       node201          0000:A9:00.0    20    0     379   -     -     -     -     -     399     
2026-01-29 11:48:00,342 - INFO -     Note: Per-group min computed over participants only; '-' means non-participant
2026-01-29 11:48:00,343 - INFO - 
------------------------------------------------------------
2026-01-29 11:48:00,343 - INFO - DETAILED GROUP HASH ANALYSIS:
2026-01-29 11:48:00,343 - INFO - ------------------------------------------------------------
2026-01-29 11:48:00,416 - INFO - ================================================================================
2026-01-29 11:48:00,416 - INFO - GROUP HASH SUMMARY:
2026-01-29 11:48:00,416 - INFO -   • Groups Analyzed: 3305
2026-01-29 11:48:00,416 - INFO -   • Total Operations: 6642
2026-01-29 11:48:00,416 - INFO -   • Total Ranks: 8
2026-01-29 11:48:00,416 - INFO -   • Slow Picks: 3305
2026-01-29 11:48:00,416 - INFO -   • Top Slow Ranks:
2026-01-29 11:48:00,416 - INFO -     Rank 1: Hostname=node201, IP=10.1.3.201, PCI=0000:2A:00.0
2026-01-29 11:48:00,417 - INFO -     Rank 3: Hostname=node201, IP=10.1.3.201, PCI=0000:5D:00.0
2026-01-29 11:48:00,417 - INFO -     Rank 7: Hostname=node201, IP=10.1.3.201, PCI=0000:A9:00.0
2026-01-29 11:48:00,417 - INFO - ================================================================================
2026-01-29 13:38:51,567 - INFO - Found 8 log files in directory C:\Users\zsh\Desktop\out_tmp
2026-01-29 13:38:51,569 - INFO - Starting to parse file: C:\Users\zsh\Desktop\out_tmp\unknown_20260111_085516_28354.log
2026-01-29 13:38:51,571 - INFO - File C:\Users\zsh\Desktop\out_tmp\unknown_20260111_085516_28354.log read partially (latest 2 save_count groups), total 845 lines
2026-01-29 13:38:51,575 - INFO - Starting to parse file: C:\Users\zsh\Desktop\out_tmp\unknown_20260111_085516_28355.log
2026-01-29 13:38:51,578 - INFO - File C:\Users\zsh\Desktop\out_tmp\unknown_20260111_085516_28355.log read partially (latest 2 save_count groups), total 845 lines
2026-01-29 13:38:51,581 - INFO - Starting to parse file: C:\Users\zsh\Desktop\out_tmp\unknown_20260111_085516_28356.log
2026-01-29 13:38:51,583 - INFO - File C:\Users\zsh\Desktop\out_tmp\unknown_20260111_085516_28356.log read partially (latest 2 save_count groups), total 780 lines
2026-01-29 13:38:51,586 - INFO - Starting to parse file: C:\Users\zsh\Desktop\out_tmp\unknown_20260111_085516_28357.log
2026-01-29 13:38:51,588 - INFO - File C:\Users\zsh\Desktop\out_tmp\unknown_20260111_085516_28357.log read partially (latest 2 save_count groups), total 782 lines
2026-01-29 13:38:51,591 - INFO - Starting to parse file: C:\Users\zsh\Desktop\out_tmp\unknown_20260111_085516_28358.log
2026-01-29 13:38:51,593 - INFO - File C:\Users\zsh\Desktop\out_tmp\unknown_20260111_085516_28358.log read partially (latest 2 save_count groups), total 791 lines
2026-01-29 13:38:51,597 - INFO - Starting to parse file: C:\Users\zsh\Desktop\out_tmp\unknown_20260111_085516_28359.log
2026-01-29 13:38:51,599 - INFO - File C:\Users\zsh\Desktop\out_tmp\unknown_20260111_085516_28359.log read partially (latest 2 save_count groups), total 795 lines
2026-01-29 13:38:51,602 - INFO - Starting to parse file: C:\Users\zsh\Desktop\out_tmp\unknown_20260111_085516_28360.log
2026-01-29 13:38:51,604 - INFO - File C:\Users\zsh\Desktop\out_tmp\unknown_20260111_085516_28360.log read partially (latest 2 save_count groups), total 902 lines
2026-01-29 13:38:51,607 - INFO - Starting to parse file: C:\Users\zsh\Desktop\out_tmp\unknown_20260111_085516_28361.log
2026-01-29 13:38:51,609 - INFO - File C:\Users\zsh\Desktop\out_tmp\unknown_20260111_085516_28361.log read partially (latest 2 save_count groups), total 902 lines
2026-01-29 13:38:51,615 - INFO - Parsing completed, found logs for 8 ranks
2026-01-29 13:38:51,615 - INFO - Rank 0: 845 records
2026-01-29 13:38:51,616 - INFO - Rank 1: 845 records
2026-01-29 13:38:51,616 - INFO - Rank 2: 780 records
2026-01-29 13:38:51,616 - INFO - Rank 3: 782 records
2026-01-29 13:38:51,616 - INFO - Rank 4: 791 records
2026-01-29 13:38:51,616 - INFO - Rank 5: 795 records
2026-01-29 13:38:51,616 - INFO - Rank 6: 902 records
2026-01-29 13:38:51,616 - INFO - Rank 7: 902 records
2026-01-29 13:38:51,616 - INFO - ============================================================
2026-01-29 13:38:51,616 - INFO - Starting Distributed Training Log Hang Detection Analysis
2026-01-29 13:38:51,617 - INFO - ============================================================
2026-01-29 13:38:51,617 - INFO - Rank 0 found 3 streams
2026-01-29 13:38:51,617 - INFO -   Stream 0: 517 records
2026-01-29 13:38:51,617 - INFO -   Stream 0x1061e350: 308 records
2026-01-29 13:38:51,617 - INFO -   Stream 0xa72f390: 20 records
2026-01-29 13:38:51,618 - INFO - Rank 1 found 3 streams
2026-01-29 13:38:51,618 - INFO -   Stream 0: 517 records
2026-01-29 13:38:51,618 - INFO -   Stream 0x109812c0: 308 records
2026-01-29 13:38:51,618 - INFO -   Stream 0xaa14f00: 20 records
2026-01-29 13:38:51,618 - INFO - Rank 2 found 3 streams
2026-01-29 13:38:51,618 - INFO -   Stream 0xfb96810: 44 records
2026-01-29 13:38:51,618 - INFO -   Stream 0: 451 records
2026-01-29 13:38:51,619 - INFO -   Stream 0x9c7d6c0: 285 records
2026-01-29 13:38:51,619 - INFO - Rank 3 found 3 streams
2026-01-29 13:38:51,619 - INFO -   Stream 0x1065cff0: 44 records
2026-01-29 13:38:51,619 - INFO -   Stream 0: 452 records
2026-01-29 13:38:51,619 - INFO -   Stream 0xa792230: 286 records
2026-01-29 13:38:51,619 - INFO - Rank 4 found 3 streams
2026-01-29 13:38:51,620 - INFO -   Stream 0xf2e9780: 44 records
2026-01-29 13:38:51,620 - INFO -   Stream 0: 439 records
2026-01-29 13:38:51,620 - INFO -   Stream 0x940a740: 308 records
2026-01-29 13:38:51,620 - INFO - Rank 5 found 3 streams
2026-01-29 13:38:51,620 - INFO -   Stream 0x103d78c0: 44 records
2026-01-29 13:38:51,620 - INFO -   Stream 0: 443 records
2026-01-29 13:38:51,620 - INFO -   Stream 0xa47e510: 308 records
2026-01-29 13:38:51,620 - INFO - Rank 6 found 3 streams
2026-01-29 13:38:51,620 - INFO -   Stream 0: 550 records
2026-01-29 13:38:51,621 - INFO -   Stream 0x983d930: 330 records
2026-01-29 13:38:51,621 - INFO -   Stream 0xf76cb60: 22 records
2026-01-29 13:38:51,621 - INFO - Rank 7 found 3 streams
2026-01-29 13:38:51,621 - INFO -   Stream 0: 550 records
2026-01-29 13:38:51,621 - INFO -   Stream 0x9e7e280: 330 records
2026-01-29 13:38:51,621 - INFO -   Stream 0x1007c890: 22 records
2026-01-29 13:38:51,621 - INFO - Rank 0 Stream 0 last operation: ncclReduceScatter (opCount 18200)
2026-01-29 13:38:51,621 - INFO - Rank 0 Stream 0x1061e350 last operation: ncclReduceScatter (opCount 10612)
2026-01-29 13:38:51,621 - INFO - Rank 0 Stream 0xa72f390 last operation: ncclRecv (opCount 761)
2026-01-29 13:38:51,621 - INFO - Rank 1 Stream 0 last operation: ncclReduceScatter (opCount 18200)
2026-01-29 13:38:51,622 - INFO - Rank 1 Stream 0x109812c0 last operation: ncclReduceScatter (opCount 10612)
2026-01-29 13:38:51,622 - INFO - Rank 1 Stream 0xaa14f00 last operation: ncclRecv (opCount 761)
2026-01-29 13:38:51,622 - INFO - Rank 2 Stream 0xfb96810 last operation: ncclRecv (opCount 1523)
2026-01-29 13:38:51,622 - INFO - Rank 2 Stream 0 last operation: ncclAllGather (opCount 16264)
2026-01-29 13:38:51,622 - INFO - Rank 2 Stream 0x9c7d6c0 last operation: ncclAllGather (opCount 10617)
2026-01-29 13:38:51,622 - INFO - Rank 3 Stream 0x1065cff0 last operation: ncclRecv (opCount 1523)
2026-01-29 13:38:51,622 - INFO - Rank 3 Stream 0 last operation: ncclAllGather (opCount 16265)
2026-01-29 13:38:51,622 - INFO - Rank 3 Stream 0xa792230 last operation: ncclReduceScatter (opCount 10618)
2026-01-29 13:38:51,622 - INFO - Rank 4 Stream 0xf2e9780 last operation: ncclRecv (opCount 1523)
2026-01-29 13:38:51,622 - INFO - Rank 4 Stream 0 last operation: ncclAllGather (opCount 16252)
2026-01-29 13:38:51,623 - INFO - Rank 4 Stream 0x940a740 last operation: ncclReduceScatter (opCount 10640)
2026-01-29 13:38:51,623 - INFO - Rank 5 Stream 0x103d78c0 last operation: ncclRecv (opCount 1523)
2026-01-29 13:38:51,623 - INFO - Rank 5 Stream 0 last operation: ncclAllGather (opCount 16256)
2026-01-29 13:38:51,623 - INFO - Rank 5 Stream 0xa47e510 last operation: ncclReduceScatter (opCount 10640)
2026-01-29 13:38:51,623 - INFO - Rank 6 Stream 0 last operation: ncclAllReduce (opCount 19294)
2026-01-29 13:38:51,623 - INFO - Rank 6 Stream 0x983d930 last operation: ncclReduceScatter (opCount 11400)
2026-01-29 13:38:51,623 - INFO - Rank 6 Stream 0xf76cb60 last operation: ncclRecv (opCount 761)
2026-01-29 13:38:51,623 - INFO - Rank 7 Stream 0 last operation: ncclAllReduce (opCount 19294)
2026-01-29 13:38:51,623 - INFO - Rank 7 Stream 0x9e7e280 last operation: ncclReduceScatter (opCount 11400)
2026-01-29 13:38:51,623 - INFO - Rank 7 Stream 0x1007c890 last operation: ncclRecv (opCount 761)
2026-01-29 13:38:51,623 - INFO - ============================================================
2026-01-29 13:38:51,624 - INFO - Hang Detection Analysis Completed
2026-01-29 13:38:51,624 - INFO - ============================================================
2026-01-29 13:38:51,624 - INFO - Hang detection completed: found 24 potential hang situations
2026-01-29 13:38:51,624 - INFO - 
2026-01-29 13:38:51,624 - INFO - ============================================================
2026-01-29 13:38:51,624 - INFO - Min OpCount Rank (Stuck Rank) Information:
2026-01-29 13:38:51,624 - INFO - Rank: 2, PCI: 0000:3A:00.0
2026-01-29 13:38:51,624 - INFO - Hostname: node201, IP: 10.1.3.201
2026-01-29 13:38:51,624 - INFO - ============================================================
2026-01-29 13:38:51,626 - INFO - Found 8 log files in directory C:\Users\zsh\Desktop\out_tmp
2026-01-29 13:38:51,626 - INFO - Starting to parse file: C:\Users\zsh\Desktop\out_tmp\unknown_20260111_085516_28354.log
2026-01-29 13:38:51,628 - INFO - File C:\Users\zsh\Desktop\out_tmp\unknown_20260111_085516_28354.log read partially (latest 2 save_count groups), total 845 lines
2026-01-29 13:38:51,631 - INFO - Starting to parse file: C:\Users\zsh\Desktop\out_tmp\unknown_20260111_085516_28355.log
2026-01-29 13:38:51,633 - INFO - File C:\Users\zsh\Desktop\out_tmp\unknown_20260111_085516_28355.log read partially (latest 2 save_count groups), total 845 lines
2026-01-29 13:38:51,636 - INFO - Starting to parse file: C:\Users\zsh\Desktop\out_tmp\unknown_20260111_085516_28356.log
2026-01-29 13:38:51,638 - INFO - File C:\Users\zsh\Desktop\out_tmp\unknown_20260111_085516_28356.log read partially (latest 2 save_count groups), total 780 lines
2026-01-29 13:38:51,641 - INFO - Starting to parse file: C:\Users\zsh\Desktop\out_tmp\unknown_20260111_085516_28357.log
2026-01-29 13:38:51,643 - INFO - File C:\Users\zsh\Desktop\out_tmp\unknown_20260111_085516_28357.log read partially (latest 2 save_count groups), total 782 lines
2026-01-29 13:38:51,646 - INFO - Starting to parse file: C:\Users\zsh\Desktop\out_tmp\unknown_20260111_085516_28358.log
2026-01-29 13:38:51,648 - INFO - File C:\Users\zsh\Desktop\out_tmp\unknown_20260111_085516_28358.log read partially (latest 2 save_count groups), total 791 lines
2026-01-29 13:38:51,650 - INFO - Starting to parse file: C:\Users\zsh\Desktop\out_tmp\unknown_20260111_085516_28359.log
2026-01-29 13:38:51,652 - INFO - File C:\Users\zsh\Desktop\out_tmp\unknown_20260111_085516_28359.log read partially (latest 2 save_count groups), total 795 lines
2026-01-29 13:38:51,655 - INFO - Starting to parse file: C:\Users\zsh\Desktop\out_tmp\unknown_20260111_085516_28360.log
2026-01-29 13:38:51,657 - INFO - File C:\Users\zsh\Desktop\out_tmp\unknown_20260111_085516_28360.log read partially (latest 2 save_count groups), total 902 lines
2026-01-29 13:38:51,660 - INFO - Starting to parse file: C:\Users\zsh\Desktop\out_tmp\unknown_20260111_085516_28361.log
2026-01-29 13:38:51,662 - INFO - File C:\Users\zsh\Desktop\out_tmp\unknown_20260111_085516_28361.log read partially (latest 2 save_count groups), total 902 lines
2026-01-29 13:38:51,666 - INFO - Parsing completed, found logs for 8 ranks
2026-01-29 13:38:51,667 - INFO - Rank 0: 845 records
2026-01-29 13:38:51,667 - INFO - Rank 1: 845 records
2026-01-29 13:38:51,667 - INFO - Rank 2: 780 records
2026-01-29 13:38:51,668 - INFO - Rank 3: 782 records
2026-01-29 13:38:51,668 - INFO - Rank 4: 791 records
2026-01-29 13:38:51,668 - INFO - Rank 5: 795 records
2026-01-29 13:38:51,668 - INFO - Rank 6: 902 records
2026-01-29 13:38:51,669 - INFO - Rank 7: 902 records
2026-01-29 13:38:51,669 - INFO - ============================================================
2026-01-29 13:38:51,669 - INFO - Starting Slow Node Detection Analysis
2026-01-29 13:38:51,669 - INFO - ============================================================
2026-01-29 13:38:51,669 - INFO - 
================================================================================
2026-01-29 13:38:51,670 - INFO - GROUP HASH BASED SLOW DETECTION ANALYSIS
2026-01-29 13:38:51,670 - INFO - ================================================================================
2026-01-29 13:38:51,670 - INFO - Running GroupHash-based slow detection analysis...
2026-01-29 13:38:51,696 - INFO -   • GroupHash Slow Rank Matrix (Rank vs Group, Normalized; non-participants shown as '-'):
2026-01-29 13:38:51,697 - INFO -     Rank   node_ip          hostname         gpu_pci         G1    G2    G3    G4    G5    G6    G7    G8    Total   
2026-01-29 13:38:51,697 - INFO -     --------------------------------------------------------------------------------------------------------------
2026-01-29 13:38:51,697 - INFO -     0      10.1.3.201       node201          0000:18:00.0    -     -     -     0     -     0     -     -     0       
2026-01-29 13:38:51,697 - INFO -     1      10.1.3.201       node201          0000:2A:00.0    0     -     -     -     -     763   -     -     763     
2026-01-29 13:38:51,698 - INFO -     2      10.1.3.201       node201          0000:3A:00.0    -     -     -     22    -     -     -     0     22      
2026-01-29 13:38:51,698 - INFO -     3      10.1.3.201       node201          0000:5D:00.0    22    -     -     -     -     -     -     680   702     
2026-01-29 13:38:51,698 - INFO -     4      10.1.3.201       node201          0000:84:00.0    -     -     -     22    133   -     -     -     155     
2026-01-29 13:38:51,698 - INFO -     5      10.1.3.201       node201          0000:8B:00.0    22    -     -     -     0     -     -     -     22      
2026-01-29 13:38:51,698 - INFO -     6      10.1.3.201       node201          0000:91:00.0    -     -     0     20    -     -     0     -     20      
2026-01-29 13:38:51,698 - INFO -     7      10.1.3.201       node201          0000:A9:00.0    20    0     379   -     -     -     -     -     399     
2026-01-29 13:38:51,699 - INFO -     Note: Per-group min computed over participants only; '-' means non-participant
2026-01-29 13:38:51,699 - INFO - 
------------------------------------------------------------
2026-01-29 13:38:51,699 - INFO - DETAILED GROUP HASH ANALYSIS:
2026-01-29 13:38:51,699 - INFO - ------------------------------------------------------------
2026-01-29 13:38:51,759 - INFO - ================================================================================
2026-01-29 13:38:51,759 - INFO - GROUP HASH SUMMARY:
2026-01-29 13:38:51,759 - INFO -   • Groups Analyzed: 3305
2026-01-29 13:38:51,760 - INFO -   • Total Operations: 6642
2026-01-29 13:38:51,760 - INFO -   • Total Ranks: 8
2026-01-29 13:38:51,760 - INFO -   • Slow Picks: 3305
2026-01-29 13:38:51,760 - INFO -   • Top Slow Ranks:
2026-01-29 13:38:51,760 - INFO -     Rank 1: Hostname=node201, IP=10.1.3.201, PCI=0000:2A:00.0
2026-01-29 13:38:51,760 - INFO -     Rank 3: Hostname=node201, IP=10.1.3.201, PCI=0000:5D:00.0
2026-01-29 13:38:51,760 - INFO -     Rank 7: Hostname=node201, IP=10.1.3.201, PCI=0000:A9:00.0
2026-01-29 13:38:51,760 - INFO - ================================================================================
2026-01-29 14:11:47,908 - INFO - Found 8 log files in directory C:\Users\zsh\Desktop\out_tmp
2026-01-29 14:11:47,908 - INFO - Starting to parse file: C:\Users\zsh\Desktop\out_tmp\unknown_20260111_085516_28354.log
2026-01-29 14:11:47,911 - INFO - File C:\Users\zsh\Desktop\out_tmp\unknown_20260111_085516_28354.log read partially (latest 2 save_count groups), total 845 lines
2026-01-29 14:11:47,914 - INFO - Starting to parse file: C:\Users\zsh\Desktop\out_tmp\unknown_20260111_085516_28355.log
2026-01-29 14:11:47,917 - INFO - File C:\Users\zsh\Desktop\out_tmp\unknown_20260111_085516_28355.log read partially (latest 2 save_count groups), total 845 lines
2026-01-29 14:11:47,920 - INFO - Starting to parse file: C:\Users\zsh\Desktop\out_tmp\unknown_20260111_085516_28356.log
2026-01-29 14:11:47,923 - INFO - File C:\Users\zsh\Desktop\out_tmp\unknown_20260111_085516_28356.log read partially (latest 2 save_count groups), total 780 lines
2026-01-29 14:11:47,927 - INFO - Starting to parse file: C:\Users\zsh\Desktop\out_tmp\unknown_20260111_085516_28357.log
2026-01-29 14:11:47,929 - INFO - File C:\Users\zsh\Desktop\out_tmp\unknown_20260111_085516_28357.log read partially (latest 2 save_count groups), total 782 lines
2026-01-29 14:11:47,933 - INFO - Starting to parse file: C:\Users\zsh\Desktop\out_tmp\unknown_20260111_085516_28358.log
2026-01-29 14:11:47,935 - INFO - File C:\Users\zsh\Desktop\out_tmp\unknown_20260111_085516_28358.log read partially (latest 2 save_count groups), total 791 lines
2026-01-29 14:11:47,939 - INFO - Starting to parse file: C:\Users\zsh\Desktop\out_tmp\unknown_20260111_085516_28359.log
2026-01-29 14:11:47,942 - INFO - File C:\Users\zsh\Desktop\out_tmp\unknown_20260111_085516_28359.log read partially (latest 2 save_count groups), total 795 lines
2026-01-29 14:11:47,946 - INFO - Starting to parse file: C:\Users\zsh\Desktop\out_tmp\unknown_20260111_085516_28360.log
2026-01-29 14:11:47,949 - INFO - File C:\Users\zsh\Desktop\out_tmp\unknown_20260111_085516_28360.log read partially (latest 2 save_count groups), total 902 lines
2026-01-29 14:11:47,953 - INFO - Starting to parse file: C:\Users\zsh\Desktop\out_tmp\unknown_20260111_085516_28361.log
2026-01-29 14:11:47,955 - INFO - File C:\Users\zsh\Desktop\out_tmp\unknown_20260111_085516_28361.log read partially (latest 2 save_count groups), total 902 lines
2026-01-29 14:11:47,963 - INFO - Parsing completed, found logs for 8 ranks
2026-01-29 14:11:47,964 - INFO - Rank 0: 845 records
2026-01-29 14:11:47,964 - INFO - Rank 1: 845 records
2026-01-29 14:11:47,964 - INFO - Rank 2: 780 records
2026-01-29 14:11:47,964 - INFO - Rank 3: 782 records
2026-01-29 14:11:47,964 - INFO - Rank 4: 791 records
2026-01-29 14:11:47,964 - INFO - Rank 5: 795 records
2026-01-29 14:11:47,964 - INFO - Rank 6: 902 records
2026-01-29 14:11:47,965 - INFO - Rank 7: 902 records
2026-01-29 14:11:47,965 - INFO - ============================================================
2026-01-29 14:11:47,965 - INFO - Starting Distributed Training Log Hang Detection Analysis
2026-01-29 14:11:47,965 - INFO - ============================================================
2026-01-29 14:11:47,965 - INFO - Rank 0 found 3 streams
2026-01-29 14:11:47,965 - INFO -   Stream 0: 517 records
2026-01-29 14:11:47,965 - INFO -   Stream 0x1061e350: 308 records
2026-01-29 14:11:47,966 - INFO -   Stream 0xa72f390: 20 records
2026-01-29 14:11:47,966 - INFO - Rank 1 found 3 streams
2026-01-29 14:11:47,966 - INFO -   Stream 0: 517 records
2026-01-29 14:11:47,966 - INFO -   Stream 0x109812c0: 308 records
2026-01-29 14:11:47,966 - INFO -   Stream 0xaa14f00: 20 records
2026-01-29 14:11:47,967 - INFO - Rank 2 found 3 streams
2026-01-29 14:11:47,967 - INFO -   Stream 0xfb96810: 44 records
2026-01-29 14:11:47,967 - INFO -   Stream 0: 451 records
2026-01-29 14:11:47,967 - INFO -   Stream 0x9c7d6c0: 285 records
2026-01-29 14:11:47,967 - INFO - Rank 3 found 3 streams
2026-01-29 14:11:47,967 - INFO -   Stream 0x1065cff0: 44 records
2026-01-29 14:11:47,967 - INFO -   Stream 0: 452 records
2026-01-29 14:11:47,968 - INFO -   Stream 0xa792230: 286 records
2026-01-29 14:11:47,968 - INFO - Rank 4 found 3 streams
2026-01-29 14:11:47,968 - INFO -   Stream 0xf2e9780: 44 records
2026-01-29 14:11:47,968 - INFO -   Stream 0: 439 records
2026-01-29 14:11:47,968 - INFO -   Stream 0x940a740: 308 records
2026-01-29 14:11:47,969 - INFO - Rank 5 found 3 streams
2026-01-29 14:11:47,969 - INFO -   Stream 0x103d78c0: 44 records
2026-01-29 14:11:47,969 - INFO -   Stream 0: 443 records
2026-01-29 14:11:47,969 - INFO -   Stream 0xa47e510: 308 records
2026-01-29 14:11:47,969 - INFO - Rank 6 found 3 streams
2026-01-29 14:11:47,970 - INFO -   Stream 0: 550 records
2026-01-29 14:11:47,970 - INFO -   Stream 0x983d930: 330 records
2026-01-29 14:11:47,970 - INFO -   Stream 0xf76cb60: 22 records
2026-01-29 14:11:47,971 - INFO - Rank 7 found 3 streams
2026-01-29 14:11:47,971 - INFO -   Stream 0: 550 records
2026-01-29 14:11:47,971 - INFO -   Stream 0x9e7e280: 330 records
2026-01-29 14:11:47,971 - INFO -   Stream 0x1007c890: 22 records
2026-01-29 14:11:47,971 - INFO - Rank 0 Stream 0 last operation: ncclReduceScatter (opCount 18200)
2026-01-29 14:11:47,972 - INFO - Rank 0 Stream 0x1061e350 last operation: ncclReduceScatter (opCount 10612)
2026-01-29 14:11:47,972 - INFO - Rank 0 Stream 0xa72f390 last operation: ncclRecv (opCount 761)
2026-01-29 14:11:47,972 - INFO - Rank 1 Stream 0 last operation: ncclReduceScatter (opCount 18200)
2026-01-29 14:11:47,972 - INFO - Rank 1 Stream 0x109812c0 last operation: ncclReduceScatter (opCount 10612)
2026-01-29 14:11:47,972 - INFO - Rank 1 Stream 0xaa14f00 last operation: ncclRecv (opCount 761)
2026-01-29 14:11:47,972 - INFO - Rank 2 Stream 0xfb96810 last operation: ncclRecv (opCount 1523)
2026-01-29 14:11:47,972 - INFO - Rank 2 Stream 0 last operation: ncclAllGather (opCount 16264)
2026-01-29 14:11:47,972 - INFO - Rank 2 Stream 0x9c7d6c0 last operation: ncclAllGather (opCount 10617)
2026-01-29 14:11:47,973 - INFO - Rank 3 Stream 0x1065cff0 last operation: ncclRecv (opCount 1523)
2026-01-29 14:11:47,973 - INFO - Rank 3 Stream 0 last operation: ncclAllGather (opCount 16265)
2026-01-29 14:11:47,973 - INFO - Rank 3 Stream 0xa792230 last operation: ncclReduceScatter (opCount 10618)
2026-01-29 14:11:47,973 - INFO - Rank 4 Stream 0xf2e9780 last operation: ncclRecv (opCount 1523)
2026-01-29 14:11:47,973 - INFO - Rank 4 Stream 0 last operation: ncclAllGather (opCount 16252)
2026-01-29 14:11:47,973 - INFO - Rank 4 Stream 0x940a740 last operation: ncclReduceScatter (opCount 10640)
2026-01-29 14:11:47,974 - INFO - Rank 5 Stream 0x103d78c0 last operation: ncclRecv (opCount 1523)
2026-01-29 14:11:47,974 - INFO - Rank 5 Stream 0 last operation: ncclAllGather (opCount 16256)
2026-01-29 14:11:47,974 - INFO - Rank 5 Stream 0xa47e510 last operation: ncclReduceScatter (opCount 10640)
2026-01-29 14:11:47,974 - INFO - Rank 6 Stream 0 last operation: ncclAllReduce (opCount 19294)
2026-01-29 14:11:47,975 - INFO - Rank 6 Stream 0x983d930 last operation: ncclReduceScatter (opCount 11400)
2026-01-29 14:11:47,975 - INFO - Rank 6 Stream 0xf76cb60 last operation: ncclRecv (opCount 761)
2026-01-29 14:11:47,975 - INFO - Rank 7 Stream 0 last operation: ncclAllReduce (opCount 19294)
2026-01-29 14:11:47,975 - INFO - Rank 7 Stream 0x9e7e280 last operation: ncclReduceScatter (opCount 11400)
2026-01-29 14:11:47,976 - INFO - Rank 7 Stream 0x1007c890 last operation: ncclRecv (opCount 761)
2026-01-29 14:11:47,976 - INFO - ============================================================
2026-01-29 14:11:47,976 - INFO - Hang Detection Analysis Completed
2026-01-29 14:11:47,976 - INFO - ============================================================
2026-01-29 14:11:47,977 - INFO - Hang detection completed: found 24 potential hang situations
2026-01-29 14:11:47,977 - INFO - 
2026-01-29 14:11:47,977 - INFO - ============================================================
2026-01-29 14:11:47,978 - INFO - Min OpCount Rank (Stuck Rank) Information:
2026-01-29 14:11:47,978 - INFO - Rank: 2, PCI: 0000:3A:00.0
2026-01-29 14:11:47,978 - INFO - Hostname: node201, IP: 10.1.3.201
2026-01-29 14:11:47,978 - INFO - ============================================================
2026-01-29 14:11:47,981 - INFO - Found 8 log files in directory C:\Users\zsh\Desktop\out_tmp
2026-01-29 14:11:47,981 - INFO - Starting to parse file: C:\Users\zsh\Desktop\out_tmp\unknown_20260111_085516_28354.log
2026-01-29 14:11:47,984 - INFO - File C:\Users\zsh\Desktop\out_tmp\unknown_20260111_085516_28354.log read partially (latest 2 save_count groups), total 845 lines
2026-01-29 14:11:47,989 - INFO - Starting to parse file: C:\Users\zsh\Desktop\out_tmp\unknown_20260111_085516_28355.log
2026-01-29 14:11:47,993 - INFO - File C:\Users\zsh\Desktop\out_tmp\unknown_20260111_085516_28355.log read partially (latest 2 save_count groups), total 845 lines
2026-01-29 14:11:47,999 - INFO - Starting to parse file: C:\Users\zsh\Desktop\out_tmp\unknown_20260111_085516_28356.log
2026-01-29 14:11:48,003 - INFO - File C:\Users\zsh\Desktop\out_tmp\unknown_20260111_085516_28356.log read partially (latest 2 save_count groups), total 780 lines
2026-01-29 14:11:48,007 - INFO - Starting to parse file: C:\Users\zsh\Desktop\out_tmp\unknown_20260111_085516_28357.log
2026-01-29 14:11:48,009 - INFO - File C:\Users\zsh\Desktop\out_tmp\unknown_20260111_085516_28357.log read partially (latest 2 save_count groups), total 782 lines
2026-01-29 14:11:48,013 - INFO - Starting to parse file: C:\Users\zsh\Desktop\out_tmp\unknown_20260111_085516_28358.log
2026-01-29 14:11:48,015 - INFO - File C:\Users\zsh\Desktop\out_tmp\unknown_20260111_085516_28358.log read partially (latest 2 save_count groups), total 791 lines
2026-01-29 14:11:48,019 - INFO - Starting to parse file: C:\Users\zsh\Desktop\out_tmp\unknown_20260111_085516_28359.log
2026-01-29 14:11:48,022 - INFO - File C:\Users\zsh\Desktop\out_tmp\unknown_20260111_085516_28359.log read partially (latest 2 save_count groups), total 795 lines
2026-01-29 14:11:48,025 - INFO - Starting to parse file: C:\Users\zsh\Desktop\out_tmp\unknown_20260111_085516_28360.log
2026-01-29 14:11:48,029 - INFO - File C:\Users\zsh\Desktop\out_tmp\unknown_20260111_085516_28360.log read partially (latest 2 save_count groups), total 902 lines
2026-01-29 14:11:48,033 - INFO - Starting to parse file: C:\Users\zsh\Desktop\out_tmp\unknown_20260111_085516_28361.log
2026-01-29 14:11:48,036 - INFO - File C:\Users\zsh\Desktop\out_tmp\unknown_20260111_085516_28361.log read partially (latest 2 save_count groups), total 902 lines
2026-01-29 14:11:48,040 - INFO - Parsing completed, found logs for 8 ranks
2026-01-29 14:11:48,040 - INFO - Rank 0: 845 records
2026-01-29 14:11:48,040 - INFO - Rank 1: 845 records
2026-01-29 14:11:48,041 - INFO - Rank 2: 780 records
2026-01-29 14:11:48,041 - INFO - Rank 3: 782 records
2026-01-29 14:11:48,041 - INFO - Rank 4: 791 records
2026-01-29 14:11:48,041 - INFO - Rank 5: 795 records
2026-01-29 14:11:48,042 - INFO - Rank 6: 902 records
2026-01-29 14:11:48,042 - INFO - Rank 7: 902 records
2026-01-29 14:11:48,042 - INFO - ================================================================================
2026-01-29 14:11:48,042 - INFO - Starting Slow Node Detection Analysis
2026-01-29 14:11:48,043 - INFO - ================================================================================
2026-01-29 14:11:48,043 - INFO - 
================================================================================
2026-01-29 14:11:48,043 - INFO - GROUP HASH BASED SLOW DETECTION ANALYSIS
2026-01-29 14:11:48,043 - INFO - ================================================================================
2026-01-29 14:11:48,044 - INFO - Running GroupHash-based slow detection analysis...
2026-01-29 14:11:48,073 - INFO -   • GroupHash Slow Rank Matrix (Rank vs Group, Normalized; non-participants shown as '-'):
2026-01-29 14:11:48,074 - INFO -     Rank   node_ip          hostname         gpu_pci         G1    G2    G3    G4    G5    G6    G7    G8    Total   
2026-01-29 14:11:48,074 - INFO -     --------------------------------------------------------------------------------------------------------------
2026-01-29 14:11:48,074 - INFO -     0      10.1.3.201       node201          0000:18:00.0    -     -     -     0     -     0     -     -     0       
2026-01-29 14:11:48,075 - INFO -     1      10.1.3.201       node201          0000:2A:00.0    0     -     -     -     -     763   -     -     763     
2026-01-29 14:11:48,075 - INFO -     2      10.1.3.201       node201          0000:3A:00.0    -     -     -     22    -     -     -     0     22      
2026-01-29 14:11:48,075 - INFO -     3      10.1.3.201       node201          0000:5D:00.0    22    -     -     -     -     -     -     680   702     
2026-01-29 14:11:48,075 - INFO -     4      10.1.3.201       node201          0000:84:00.0    -     -     -     22    133   -     -     -     155     
2026-01-29 14:11:48,076 - INFO -     5      10.1.3.201       node201          0000:8B:00.0    22    -     -     -     0     -     -     -     22      
2026-01-29 14:11:48,076 - INFO -     6      10.1.3.201       node201          0000:91:00.0    -     -     0     20    -     -     0     -     20      
2026-01-29 14:11:48,076 - INFO -     7      10.1.3.201       node201          0000:A9:00.0    20    0     379   -     -     -     -     -     399     
2026-01-29 14:11:48,076 - INFO -     Note: Per-group min computed over participants only; '-' means non-participant
2026-01-29 14:11:48,076 - INFO - 
------------------------------------------------------------
2026-01-29 14:11:48,077 - INFO - DETAILED GROUP HASH ANALYSIS:
2026-01-29 14:11:48,077 - INFO - ------------------------------------------------------------
2026-01-29 14:11:48,155 - INFO - ================================================================================
2026-01-29 14:11:48,155 - INFO - GROUP HASH SUMMARY:
2026-01-29 14:11:48,156 - INFO -   • Groups Analyzed: 3305
2026-01-29 14:11:48,156 - INFO -   • Total Operations: 6642
2026-01-29 14:11:48,156 - INFO -   • Total Ranks: 8
2026-01-29 14:11:48,156 - INFO -   • Slow Picks: 3305
2026-01-29 14:11:48,156 - INFO -   • Top Slow Ranks:
2026-01-29 14:11:48,156 - INFO -     Rank 1: Hostname=node201, IP=10.1.3.201, PCI=0000:2A:00.0
2026-01-29 14:11:48,157 - INFO -     Rank 3: Hostname=node201, IP=10.1.3.201, PCI=0000:5D:00.0
2026-01-29 14:11:48,157 - INFO -     Rank 7: Hostname=node201, IP=10.1.3.201, PCI=0000:A9:00.0
2026-01-29 14:11:48,157 - INFO - ================================================================================
2026-01-29 14:15:30,377 - INFO - Found 8 log files in directory C:\Users\zsh\Desktop\out_tmp
2026-01-29 14:15:30,378 - INFO - Starting to parse file: C:\Users\zsh\Desktop\out_tmp\unknown_20260111_085516_28354.log
2026-01-29 14:15:30,380 - INFO - File C:\Users\zsh\Desktop\out_tmp\unknown_20260111_085516_28354.log read partially (latest 2 save_count groups), total 845 lines
2026-01-29 14:15:30,384 - INFO - Starting to parse file: C:\Users\zsh\Desktop\out_tmp\unknown_20260111_085516_28355.log
2026-01-29 14:15:30,386 - INFO - File C:\Users\zsh\Desktop\out_tmp\unknown_20260111_085516_28355.log read partially (latest 2 save_count groups), total 845 lines
2026-01-29 14:15:30,389 - INFO - Starting to parse file: C:\Users\zsh\Desktop\out_tmp\unknown_20260111_085516_28356.log
2026-01-29 14:15:30,391 - INFO - File C:\Users\zsh\Desktop\out_tmp\unknown_20260111_085516_28356.log read partially (latest 2 save_count groups), total 780 lines
2026-01-29 14:15:30,394 - INFO - Starting to parse file: C:\Users\zsh\Desktop\out_tmp\unknown_20260111_085516_28357.log
2026-01-29 14:15:30,396 - INFO - File C:\Users\zsh\Desktop\out_tmp\unknown_20260111_085516_28357.log read partially (latest 2 save_count groups), total 782 lines
2026-01-29 14:15:30,400 - INFO - Starting to parse file: C:\Users\zsh\Desktop\out_tmp\unknown_20260111_085516_28358.log
2026-01-29 14:15:30,403 - INFO - File C:\Users\zsh\Desktop\out_tmp\unknown_20260111_085516_28358.log read partially (latest 2 save_count groups), total 791 lines
2026-01-29 14:15:30,406 - INFO - Starting to parse file: C:\Users\zsh\Desktop\out_tmp\unknown_20260111_085516_28359.log
2026-01-29 14:15:30,409 - INFO - File C:\Users\zsh\Desktop\out_tmp\unknown_20260111_085516_28359.log read partially (latest 2 save_count groups), total 795 lines
2026-01-29 14:15:30,413 - INFO - Starting to parse file: C:\Users\zsh\Desktop\out_tmp\unknown_20260111_085516_28360.log
2026-01-29 14:15:30,417 - INFO - File C:\Users\zsh\Desktop\out_tmp\unknown_20260111_085516_28360.log read partially (latest 2 save_count groups), total 902 lines
2026-01-29 14:15:30,421 - INFO - Starting to parse file: C:\Users\zsh\Desktop\out_tmp\unknown_20260111_085516_28361.log
2026-01-29 14:15:30,424 - INFO - File C:\Users\zsh\Desktop\out_tmp\unknown_20260111_085516_28361.log read partially (latest 2 save_count groups), total 902 lines
2026-01-29 14:15:30,430 - INFO - Parsing completed, found logs for 8 ranks
2026-01-29 14:15:30,431 - INFO - Rank 0: 845 records
2026-01-29 14:15:30,431 - INFO - Rank 1: 845 records
2026-01-29 14:15:30,431 - INFO - Rank 2: 780 records
2026-01-29 14:15:30,431 - INFO - Rank 3: 782 records
2026-01-29 14:15:30,432 - INFO - Rank 4: 791 records
2026-01-29 14:15:30,432 - INFO - Rank 5: 795 records
2026-01-29 14:15:30,432 - INFO - Rank 6: 902 records
2026-01-29 14:15:30,432 - INFO - Rank 7: 902 records
2026-01-29 14:15:30,433 - INFO - ================================================================================
2026-01-29 14:15:30,433 - INFO - Starting Distributed Training Log Hang Detection Analysis
2026-01-29 14:15:30,433 - INFO - ================================================================================
2026-01-29 14:15:30,433 - INFO - Rank 0 found 3 streams
2026-01-29 14:15:30,433 - INFO -   Stream 0: 517 records
2026-01-29 14:15:30,434 - INFO -   Stream 0x1061e350: 308 records
2026-01-29 14:15:30,434 - INFO -   Stream 0xa72f390: 20 records
2026-01-29 14:15:30,434 - INFO - Rank 1 found 3 streams
2026-01-29 14:15:30,434 - INFO -   Stream 0: 517 records
2026-01-29 14:15:30,434 - INFO -   Stream 0x109812c0: 308 records
2026-01-29 14:15:30,434 - INFO -   Stream 0xaa14f00: 20 records
2026-01-29 14:15:30,434 - INFO - Rank 2 found 3 streams
2026-01-29 14:15:30,435 - INFO -   Stream 0xfb96810: 44 records
2026-01-29 14:15:30,435 - INFO -   Stream 0: 451 records
2026-01-29 14:15:30,435 - INFO -   Stream 0x9c7d6c0: 285 records
2026-01-29 14:15:30,435 - INFO - Rank 3 found 3 streams
2026-01-29 14:15:30,435 - INFO -   Stream 0x1065cff0: 44 records
2026-01-29 14:15:30,435 - INFO -   Stream 0: 452 records
2026-01-29 14:15:30,435 - INFO -   Stream 0xa792230: 286 records
2026-01-29 14:15:30,435 - INFO - Rank 4 found 3 streams
2026-01-29 14:15:30,436 - INFO -   Stream 0xf2e9780: 44 records
2026-01-29 14:15:30,436 - INFO -   Stream 0: 439 records
2026-01-29 14:15:30,436 - INFO -   Stream 0x940a740: 308 records
2026-01-29 14:15:30,436 - INFO - Rank 5 found 3 streams
2026-01-29 14:15:30,436 - INFO -   Stream 0x103d78c0: 44 records
2026-01-29 14:15:30,436 - INFO -   Stream 0: 443 records
2026-01-29 14:15:30,436 - INFO -   Stream 0xa47e510: 308 records
2026-01-29 14:15:30,437 - INFO - Rank 6 found 3 streams
2026-01-29 14:15:30,437 - INFO -   Stream 0: 550 records
2026-01-29 14:15:30,437 - INFO -   Stream 0x983d930: 330 records
2026-01-29 14:15:30,437 - INFO -   Stream 0xf76cb60: 22 records
2026-01-29 14:15:30,437 - INFO - Rank 7 found 3 streams
2026-01-29 14:15:30,437 - INFO -   Stream 0: 550 records
2026-01-29 14:15:30,437 - INFO -   Stream 0x9e7e280: 330 records
2026-01-29 14:15:30,437 - INFO -   Stream 0x1007c890: 22 records
2026-01-29 14:15:30,438 - INFO - Rank 0 Stream 0 last operation: ncclReduceScatter (opCount 18200)
2026-01-29 14:15:30,438 - INFO - Rank 0 Stream 0x1061e350 last operation: ncclReduceScatter (opCount 10612)
2026-01-29 14:15:30,438 - INFO - Rank 0 Stream 0xa72f390 last operation: ncclRecv (opCount 761)
2026-01-29 14:15:30,438 - INFO - Rank 1 Stream 0 last operation: ncclReduceScatter (opCount 18200)
2026-01-29 14:15:30,438 - INFO - Rank 1 Stream 0x109812c0 last operation: ncclReduceScatter (opCount 10612)
2026-01-29 14:15:30,438 - INFO - Rank 1 Stream 0xaa14f00 last operation: ncclRecv (opCount 761)
2026-01-29 14:15:30,438 - INFO - Rank 2 Stream 0xfb96810 last operation: ncclRecv (opCount 1523)
2026-01-29 14:15:30,438 - INFO - Rank 2 Stream 0 last operation: ncclAllGather (opCount 16264)
2026-01-29 14:15:30,439 - INFO - Rank 2 Stream 0x9c7d6c0 last operation: ncclAllGather (opCount 10617)
2026-01-29 14:15:30,439 - INFO - Rank 3 Stream 0x1065cff0 last operation: ncclRecv (opCount 1523)
2026-01-29 14:15:30,439 - INFO - Rank 3 Stream 0 last operation: ncclAllGather (opCount 16265)
2026-01-29 14:15:30,439 - INFO - Rank 3 Stream 0xa792230 last operation: ncclReduceScatter (opCount 10618)
2026-01-29 14:15:30,439 - INFO - Rank 4 Stream 0xf2e9780 last operation: ncclRecv (opCount 1523)
2026-01-29 14:15:30,439 - INFO - Rank 4 Stream 0 last operation: ncclAllGather (opCount 16252)
2026-01-29 14:15:30,439 - INFO - Rank 4 Stream 0x940a740 last operation: ncclReduceScatter (opCount 10640)
2026-01-29 14:15:30,439 - INFO - Rank 5 Stream 0x103d78c0 last operation: ncclRecv (opCount 1523)
2026-01-29 14:15:30,439 - INFO - Rank 5 Stream 0 last operation: ncclAllGather (opCount 16256)
2026-01-29 14:15:30,439 - INFO - Rank 5 Stream 0xa47e510 last operation: ncclReduceScatter (opCount 10640)
2026-01-29 14:15:30,439 - INFO - Rank 6 Stream 0 last operation: ncclAllReduce (opCount 19294)
2026-01-29 14:15:30,440 - INFO - Rank 6 Stream 0x983d930 last operation: ncclReduceScatter (opCount 11400)
2026-01-29 14:15:30,440 - INFO - Rank 6 Stream 0xf76cb60 last operation: ncclRecv (opCount 761)
2026-01-29 14:15:30,440 - INFO - Rank 7 Stream 0 last operation: ncclAllReduce (opCount 19294)
2026-01-29 14:15:30,440 - INFO - Rank 7 Stream 0x9e7e280 last operation: ncclReduceScatter (opCount 11400)
2026-01-29 14:15:30,440 - INFO - Rank 7 Stream 0x1007c890 last operation: ncclRecv (opCount 761)
2026-01-29 14:15:30,440 - INFO - ================================================================================
2026-01-29 14:15:30,440 - INFO - Hang Detection Analysis Completed
2026-01-29 14:15:30,440 - INFO - ================================================================================
2026-01-29 14:15:30,440 - INFO - Hang detection completed: found 24 potential hang situations
2026-01-29 14:15:30,441 - INFO - 
2026-01-29 14:15:30,441 - INFO - ================================================================================
2026-01-29 14:15:30,441 - INFO - Min OpCount Rank (Stuck Rank) Information:
2026-01-29 14:15:30,441 - INFO - Rank: 2, PCI: 0000:3A:00.0
2026-01-29 14:15:30,441 - INFO - Hostname: node201, IP: 10.1.3.201
2026-01-29 14:15:30,441 - INFO - ================================================================================
2026-01-29 14:15:30,443 - INFO - Found 8 log files in directory C:\Users\zsh\Desktop\out_tmp
2026-01-29 14:15:30,443 - INFO - Starting to parse file: C:\Users\zsh\Desktop\out_tmp\unknown_20260111_085516_28354.log
2026-01-29 14:15:30,445 - INFO - File C:\Users\zsh\Desktop\out_tmp\unknown_20260111_085516_28354.log read partially (latest 2 save_count groups), total 845 lines
2026-01-29 14:15:30,449 - INFO - Starting to parse file: C:\Users\zsh\Desktop\out_tmp\unknown_20260111_085516_28355.log
2026-01-29 14:15:30,451 - INFO - File C:\Users\zsh\Desktop\out_tmp\unknown_20260111_085516_28355.log read partially (latest 2 save_count groups), total 845 lines
2026-01-29 14:15:30,454 - INFO - Starting to parse file: C:\Users\zsh\Desktop\out_tmp\unknown_20260111_085516_28356.log
2026-01-29 14:15:30,457 - INFO - File C:\Users\zsh\Desktop\out_tmp\unknown_20260111_085516_28356.log read partially (latest 2 save_count groups), total 780 lines
2026-01-29 14:15:30,460 - INFO - Starting to parse file: C:\Users\zsh\Desktop\out_tmp\unknown_20260111_085516_28357.log
2026-01-29 14:15:30,462 - INFO - File C:\Users\zsh\Desktop\out_tmp\unknown_20260111_085516_28357.log read partially (latest 2 save_count groups), total 782 lines
2026-01-29 14:15:30,466 - INFO - Starting to parse file: C:\Users\zsh\Desktop\out_tmp\unknown_20260111_085516_28358.log
2026-01-29 14:15:30,468 - INFO - File C:\Users\zsh\Desktop\out_tmp\unknown_20260111_085516_28358.log read partially (latest 2 save_count groups), total 791 lines
2026-01-29 14:15:30,471 - INFO - Starting to parse file: C:\Users\zsh\Desktop\out_tmp\unknown_20260111_085516_28359.log
2026-01-29 14:15:30,473 - INFO - File C:\Users\zsh\Desktop\out_tmp\unknown_20260111_085516_28359.log read partially (latest 2 save_count groups), total 795 lines
2026-01-29 14:15:30,476 - INFO - Starting to parse file: C:\Users\zsh\Desktop\out_tmp\unknown_20260111_085516_28360.log
2026-01-29 14:15:30,478 - INFO - File C:\Users\zsh\Desktop\out_tmp\unknown_20260111_085516_28360.log read partially (latest 2 save_count groups), total 902 lines
2026-01-29 14:15:30,482 - INFO - Starting to parse file: C:\Users\zsh\Desktop\out_tmp\unknown_20260111_085516_28361.log
2026-01-29 14:15:30,485 - INFO - File C:\Users\zsh\Desktop\out_tmp\unknown_20260111_085516_28361.log read partially (latest 2 save_count groups), total 902 lines
2026-01-29 14:15:30,489 - INFO - Parsing completed, found logs for 8 ranks
2026-01-29 14:15:30,489 - INFO - Rank 0: 845 records
2026-01-29 14:15:30,489 - INFO - Rank 1: 845 records
2026-01-29 14:15:30,489 - INFO - Rank 2: 780 records
2026-01-29 14:15:30,489 - INFO - Rank 3: 782 records
2026-01-29 14:15:30,489 - INFO - Rank 4: 791 records
2026-01-29 14:15:30,489 - INFO - Rank 5: 795 records
2026-01-29 14:15:30,489 - INFO - Rank 6: 902 records
2026-01-29 14:15:30,489 - INFO - Rank 7: 902 records
2026-01-29 14:15:30,490 - INFO - ================================================================================
2026-01-29 14:15:30,490 - INFO - Starting Slow Node Detection Analysis
2026-01-29 14:15:30,490 - INFO - ================================================================================
2026-01-29 14:15:30,490 - INFO - 
================================================================================
2026-01-29 14:15:30,490 - INFO - GROUP HASH BASED SLOW DETECTION ANALYSIS
2026-01-29 14:15:30,490 - INFO - ================================================================================
2026-01-29 14:15:30,491 - INFO - Running GroupHash-based slow detection analysis...
2026-01-29 14:15:30,520 - INFO -   • GroupHash Slow Rank Matrix (Rank vs Group, Normalized; non-participants shown as '-'):
2026-01-29 14:15:30,520 - INFO -     Rank   node_ip          hostname         gpu_pci         G1    G2    G3    G4    G5    G6    G7    G8    Total   
2026-01-29 14:15:30,521 - INFO -     --------------------------------------------------------------------------------------------------------------
2026-01-29 14:15:30,521 - INFO -     0      10.1.3.201       node201          0000:18:00.0    -     -     -     0     -     0     -     -     0       
2026-01-29 14:15:30,521 - INFO -     1      10.1.3.201       node201          0000:2A:00.0    0     -     -     -     -     763   -     -     763     
2026-01-29 14:15:30,521 - INFO -     2      10.1.3.201       node201          0000:3A:00.0    -     -     -     22    -     -     -     0     22      
2026-01-29 14:15:30,521 - INFO -     3      10.1.3.201       node201          0000:5D:00.0    22    -     -     -     -     -     -     680   702     
2026-01-29 14:15:30,521 - INFO -     4      10.1.3.201       node201          0000:84:00.0    -     -     -     22    133   -     -     -     155     
2026-01-29 14:15:30,522 - INFO -     5      10.1.3.201       node201          0000:8B:00.0    22    -     -     -     0     -     -     -     22      
2026-01-29 14:15:30,522 - INFO -     6      10.1.3.201       node201          0000:91:00.0    -     -     0     20    -     -     0     -     20      
2026-01-29 14:15:30,522 - INFO -     7      10.1.3.201       node201          0000:A9:00.0    20    0     379   -     -     -     -     -     399     
2026-01-29 14:15:30,522 - INFO -     Note: Per-group min computed over participants only; '-' means non-participant
2026-01-29 14:15:30,522 - INFO - 
--------------------------------------------------------------------------------
2026-01-29 14:15:30,522 - INFO - DETAILED GROUP HASH ANALYSIS:
2026-01-29 14:15:30,522 - INFO - --------------------------------------------------------------------------------
2026-01-29 14:15:30,594 - INFO - ================================================================================
2026-01-29 14:15:30,594 - INFO - GROUP HASH SUMMARY:
2026-01-29 14:15:30,594 - INFO -   • Groups Analyzed: 3305
2026-01-29 14:15:30,595 - INFO -   • Total Operations: 6642
2026-01-29 14:15:30,595 - INFO -   • Total Ranks: 8
2026-01-29 14:15:30,595 - INFO -   • Slow Picks: 3305
2026-01-29 14:15:30,595 - INFO -   • Top Slow Ranks:
2026-01-29 14:15:30,595 - INFO -     Rank 1: Hostname=node201, IP=10.1.3.201, PCI=0000:2A:00.0
2026-01-29 14:15:30,596 - INFO -     Rank 3: Hostname=node201, IP=10.1.3.201, PCI=0000:5D:00.0
2026-01-29 14:15:30,596 - INFO -     Rank 7: Hostname=node201, IP=10.1.3.201, PCI=0000:A9:00.0
2026-01-29 14:15:30,596 - INFO - ================================================================================
2026-01-29 14:35:10,858 - INFO - Found 8 log files in directory C:\Users\zsh\Desktop\out_tmp
2026-01-29 14:35:10,858 - INFO - Starting to parse file: C:\Users\zsh\Desktop\out_tmp\unknown_20260111_085516_28354.log
2026-01-29 14:35:10,860 - INFO - File C:\Users\zsh\Desktop\out_tmp\unknown_20260111_085516_28354.log read partially (latest 2 save_count groups), total 845 lines
2026-01-29 14:35:10,864 - INFO - Starting to parse file: C:\Users\zsh\Desktop\out_tmp\unknown_20260111_085516_28355.log
2026-01-29 14:35:10,866 - INFO - File C:\Users\zsh\Desktop\out_tmp\unknown_20260111_085516_28355.log read partially (latest 2 save_count groups), total 845 lines
2026-01-29 14:35:10,869 - INFO - Starting to parse file: C:\Users\zsh\Desktop\out_tmp\unknown_20260111_085516_28356.log
2026-01-29 14:35:10,871 - INFO - File C:\Users\zsh\Desktop\out_tmp\unknown_20260111_085516_28356.log read partially (latest 2 save_count groups), total 780 lines
2026-01-29 14:35:10,876 - INFO - Starting to parse file: C:\Users\zsh\Desktop\out_tmp\unknown_20260111_085516_28357.log
2026-01-29 14:35:10,879 - INFO - File C:\Users\zsh\Desktop\out_tmp\unknown_20260111_085516_28357.log read partially (latest 2 save_count groups), total 782 lines
2026-01-29 14:35:10,885 - INFO - Starting to parse file: C:\Users\zsh\Desktop\out_tmp\unknown_20260111_085516_28358.log
2026-01-29 14:35:10,887 - INFO - File C:\Users\zsh\Desktop\out_tmp\unknown_20260111_085516_28358.log read partially (latest 2 save_count groups), total 791 lines
2026-01-29 14:35:10,891 - INFO - Starting to parse file: C:\Users\zsh\Desktop\out_tmp\unknown_20260111_085516_28359.log
2026-01-29 14:35:10,896 - INFO - File C:\Users\zsh\Desktop\out_tmp\unknown_20260111_085516_28359.log read partially (latest 2 save_count groups), total 795 lines
2026-01-29 14:35:10,903 - INFO - Starting to parse file: C:\Users\zsh\Desktop\out_tmp\unknown_20260111_085516_28360.log
2026-01-29 14:35:10,907 - INFO - File C:\Users\zsh\Desktop\out_tmp\unknown_20260111_085516_28360.log read partially (latest 2 save_count groups), total 902 lines
2026-01-29 14:35:10,913 - INFO - Starting to parse file: C:\Users\zsh\Desktop\out_tmp\unknown_20260111_085516_28361.log
2026-01-29 14:35:10,915 - INFO - File C:\Users\zsh\Desktop\out_tmp\unknown_20260111_085516_28361.log read partially (latest 2 save_count groups), total 902 lines
2026-01-29 14:35:10,923 - INFO - Parsing completed, found logs for 8 ranks
2026-01-29 14:35:10,924 - INFO - Rank 0: 845 records
2026-01-29 14:35:10,924 - INFO - Rank 1: 845 records
2026-01-29 14:35:10,924 - INFO - Rank 2: 780 records
2026-01-29 14:35:10,926 - INFO - Rank 3: 782 records
2026-01-29 14:35:10,928 - INFO - Rank 4: 791 records
2026-01-29 14:35:10,929 - INFO - Rank 5: 795 records
2026-01-29 14:35:10,930 - INFO - Rank 6: 902 records
2026-01-29 14:35:10,934 - INFO - Rank 7: 902 records
2026-01-29 14:35:10,934 - INFO - ================================================================================
2026-01-29 14:35:10,934 - INFO - Starting Distributed Training Log Hang Detection Analysis
2026-01-29 14:35:10,934 - INFO - ================================================================================
2026-01-29 14:35:10,935 - INFO - Rank 0 found 3 streams
2026-01-29 14:35:10,935 - INFO -   Stream 0: 517 records
2026-01-29 14:35:10,936 - INFO -   Stream 0x1061e350: 308 records
2026-01-29 14:35:10,936 - INFO -   Stream 0xa72f390: 20 records
2026-01-29 14:35:10,937 - INFO - Rank 1 found 3 streams
2026-01-29 14:35:10,940 - INFO -   Stream 0: 517 records
2026-01-29 14:35:10,940 - INFO -   Stream 0x109812c0: 308 records
2026-01-29 14:35:10,940 - INFO -   Stream 0xaa14f00: 20 records
2026-01-29 14:35:10,940 - INFO - Rank 2 found 3 streams
2026-01-29 14:35:10,941 - INFO -   Stream 0xfb96810: 44 records
2026-01-29 14:35:10,941 - INFO -   Stream 0: 451 records
2026-01-29 14:35:10,941 - INFO -   Stream 0x9c7d6c0: 285 records
2026-01-29 14:35:10,941 - INFO - Rank 3 found 3 streams
2026-01-29 14:35:10,941 - INFO -   Stream 0x1065cff0: 44 records
2026-01-29 14:35:10,942 - INFO -   Stream 0: 452 records
2026-01-29 14:35:10,942 - INFO -   Stream 0xa792230: 286 records
2026-01-29 14:35:10,942 - INFO - Rank 4 found 3 streams
2026-01-29 14:35:10,942 - INFO -   Stream 0xf2e9780: 44 records
2026-01-29 14:35:10,942 - INFO -   Stream 0: 439 records
2026-01-29 14:35:10,942 - INFO -   Stream 0x940a740: 308 records
2026-01-29 14:35:10,943 - INFO - Rank 5 found 3 streams
2026-01-29 14:35:10,943 - INFO -   Stream 0x103d78c0: 44 records
2026-01-29 14:35:10,943 - INFO -   Stream 0: 443 records
2026-01-29 14:35:10,943 - INFO -   Stream 0xa47e510: 308 records
2026-01-29 14:35:10,943 - INFO - Rank 6 found 3 streams
2026-01-29 14:35:10,943 - INFO -   Stream 0: 550 records
2026-01-29 14:35:10,944 - INFO -   Stream 0x983d930: 330 records
2026-01-29 14:35:10,944 - INFO -   Stream 0xf76cb60: 22 records
2026-01-29 14:35:10,944 - INFO - Rank 7 found 3 streams
2026-01-29 14:35:10,944 - INFO -   Stream 0: 550 records
2026-01-29 14:35:10,944 - INFO -   Stream 0x9e7e280: 330 records
2026-01-29 14:35:10,944 - INFO -   Stream 0x1007c890: 22 records
2026-01-29 14:35:10,944 - INFO - Rank 0 Stream 0 last operation: ncclReduceScatter (opCount 18200)
2026-01-29 14:35:10,944 - INFO - Rank 0 Stream 0x1061e350 last operation: ncclReduceScatter (opCount 10612)
2026-01-29 14:35:10,945 - INFO - Rank 0 Stream 0xa72f390 last operation: ncclRecv (opCount 761)
2026-01-29 14:35:10,945 - INFO - Rank 1 Stream 0 last operation: ncclReduceScatter (opCount 18200)
2026-01-29 14:35:10,945 - INFO - Rank 1 Stream 0x109812c0 last operation: ncclReduceScatter (opCount 10612)
2026-01-29 14:35:10,945 - INFO - Rank 1 Stream 0xaa14f00 last operation: ncclRecv (opCount 761)
2026-01-29 14:35:10,945 - INFO - Rank 2 Stream 0xfb96810 last operation: ncclRecv (opCount 1523)
2026-01-29 14:35:10,945 - INFO - Rank 2 Stream 0 last operation: ncclAllGather (opCount 16264)
2026-01-29 14:35:10,945 - INFO - Rank 2 Stream 0x9c7d6c0 last operation: ncclAllGather (opCount 10617)
2026-01-29 14:35:10,945 - INFO - Rank 3 Stream 0x1065cff0 last operation: ncclRecv (opCount 1523)
2026-01-29 14:35:10,945 - INFO - Rank 3 Stream 0 last operation: ncclAllGather (opCount 16265)
2026-01-29 14:35:10,945 - INFO - Rank 3 Stream 0xa792230 last operation: ncclReduceScatter (opCount 10618)
2026-01-29 14:35:10,946 - INFO - Rank 4 Stream 0xf2e9780 last operation: ncclRecv (opCount 1523)
2026-01-29 14:35:10,946 - INFO - Rank 4 Stream 0 last operation: ncclAllGather (opCount 16252)
2026-01-29 14:35:10,946 - INFO - Rank 4 Stream 0x940a740 last operation: ncclReduceScatter (opCount 10640)
2026-01-29 14:35:10,946 - INFO - Rank 5 Stream 0x103d78c0 last operation: ncclRecv (opCount 1523)
2026-01-29 14:35:10,946 - INFO - Rank 5 Stream 0 last operation: ncclAllGather (opCount 16256)
2026-01-29 14:35:10,946 - INFO - Rank 5 Stream 0xa47e510 last operation: ncclReduceScatter (opCount 10640)
2026-01-29 14:35:10,946 - INFO - Rank 6 Stream 0 last operation: ncclAllReduce (opCount 19294)
2026-01-29 14:35:10,946 - INFO - Rank 6 Stream 0x983d930 last operation: ncclReduceScatter (opCount 11400)
2026-01-29 14:35:10,946 - INFO - Rank 6 Stream 0xf76cb60 last operation: ncclRecv (opCount 761)
2026-01-29 14:35:10,946 - INFO - Rank 7 Stream 0 last operation: ncclAllReduce (opCount 19294)
2026-01-29 14:35:10,947 - INFO - Rank 7 Stream 0x9e7e280 last operation: ncclReduceScatter (opCount 11400)
2026-01-29 14:35:10,947 - INFO - Rank 7 Stream 0x1007c890 last operation: ncclRecv (opCount 761)
2026-01-29 14:35:10,947 - INFO - ================================================================================
2026-01-29 14:35:10,947 - INFO - Hang Detection Analysis Completed
2026-01-29 14:35:10,947 - INFO - ================================================================================
2026-01-29 14:35:10,947 - INFO - Hang detection completed: found 24 potential hang situations
2026-01-29 14:35:10,947 - INFO - 
2026-01-29 14:35:10,947 - INFO - ================================================================================
2026-01-29 14:35:10,947 - INFO - Min OpCount Rank (Stuck Rank) Information:
2026-01-29 14:35:10,948 - INFO - Rank: 2, PCI: 0000:3A:00.0
2026-01-29 14:35:10,948 - INFO - Hostname: node201, IP: 10.1.3.201
2026-01-29 14:35:10,948 - INFO - ================================================================================
2026-01-29 14:35:10,950 - INFO - Found 8 log files in directory C:\Users\zsh\Desktop\out_tmp
2026-01-29 14:35:10,950 - INFO - Starting to parse file: C:\Users\zsh\Desktop\out_tmp\unknown_20260111_085516_28354.log
2026-01-29 14:35:10,953 - INFO - File C:\Users\zsh\Desktop\out_tmp\unknown_20260111_085516_28354.log read partially (latest 2 save_count groups), total 845 lines
2026-01-29 14:35:10,956 - INFO - Starting to parse file: C:\Users\zsh\Desktop\out_tmp\unknown_20260111_085516_28355.log
2026-01-29 14:35:10,959 - INFO - File C:\Users\zsh\Desktop\out_tmp\unknown_20260111_085516_28355.log read partially (latest 2 save_count groups), total 845 lines
2026-01-29 14:35:10,962 - INFO - Starting to parse file: C:\Users\zsh\Desktop\out_tmp\unknown_20260111_085516_28356.log
2026-01-29 14:35:10,964 - INFO - File C:\Users\zsh\Desktop\out_tmp\unknown_20260111_085516_28356.log read partially (latest 2 save_count groups), total 780 lines
2026-01-29 14:35:10,968 - INFO - Starting to parse file: C:\Users\zsh\Desktop\out_tmp\unknown_20260111_085516_28357.log
2026-01-29 14:35:10,971 - INFO - File C:\Users\zsh\Desktop\out_tmp\unknown_20260111_085516_28357.log read partially (latest 2 save_count groups), total 782 lines
2026-01-29 14:35:10,974 - INFO - Starting to parse file: C:\Users\zsh\Desktop\out_tmp\unknown_20260111_085516_28358.log
2026-01-29 14:35:10,976 - INFO - File C:\Users\zsh\Desktop\out_tmp\unknown_20260111_085516_28358.log read partially (latest 2 save_count groups), total 791 lines
2026-01-29 14:35:10,979 - INFO - Starting to parse file: C:\Users\zsh\Desktop\out_tmp\unknown_20260111_085516_28359.log
2026-01-29 14:35:10,981 - INFO - File C:\Users\zsh\Desktop\out_tmp\unknown_20260111_085516_28359.log read partially (latest 2 save_count groups), total 795 lines
2026-01-29 14:35:10,984 - INFO - Starting to parse file: C:\Users\zsh\Desktop\out_tmp\unknown_20260111_085516_28360.log
2026-01-29 14:35:10,987 - INFO - File C:\Users\zsh\Desktop\out_tmp\unknown_20260111_085516_28360.log read partially (latest 2 save_count groups), total 902 lines
2026-01-29 14:35:10,990 - INFO - Starting to parse file: C:\Users\zsh\Desktop\out_tmp\unknown_20260111_085516_28361.log
2026-01-29 14:35:10,993 - INFO - File C:\Users\zsh\Desktop\out_tmp\unknown_20260111_085516_28361.log read partially (latest 2 save_count groups), total 902 lines
2026-01-29 14:35:10,997 - INFO - Parsing completed, found logs for 8 ranks
2026-01-29 14:35:10,997 - INFO - Rank 0: 845 records
2026-01-29 14:35:10,998 - INFO - Rank 1: 845 records
2026-01-29 14:35:10,998 - INFO - Rank 2: 780 records
2026-01-29 14:35:10,998 - INFO - Rank 3: 782 records
2026-01-29 14:35:10,998 - INFO - Rank 4: 791 records
2026-01-29 14:35:10,998 - INFO - Rank 5: 795 records
2026-01-29 14:35:10,999 - INFO - Rank 6: 902 records
2026-01-29 14:35:10,999 - INFO - Rank 7: 902 records
2026-01-29 14:35:10,999 - INFO - ================================================================================
2026-01-29 14:35:11,001 - INFO - Starting Slow Node Detection Analysis
2026-01-29 14:35:11,001 - INFO - ================================================================================
2026-01-29 14:35:11,002 - INFO - 
================================================================================
2026-01-29 14:35:11,002 - INFO - GROUP HASH BASED SLOW DETECTION ANALYSIS
2026-01-29 14:35:11,002 - INFO - ================================================================================
2026-01-29 14:35:11,003 - INFO - Running GroupHash-based slow detection analysis...
2026-01-29 14:35:11,030 - INFO -   • GroupHash Slow Rank Matrix (Rank vs Group, Normalized; non-participants shown as '-'):
2026-01-29 14:35:11,032 - INFO -     Rank   node_ip          hostname         gpu_pci         G1    G2    G3    G4    G5    G6    G7    G8    Total   
2026-01-29 14:35:11,032 - INFO -     --------------------------------------------------------------------------------------------------------------
2026-01-29 14:35:11,032 - INFO -     0      10.1.3.201       node201          0000:18:00.0    -     -     -     0     -     0     -     -     0       
2026-01-29 14:35:11,033 - INFO -     1      10.1.3.201       node201          0000:2A:00.0    0     -     -     -     -     763   -     -     763     
2026-01-29 14:35:11,033 - INFO -     2      10.1.3.201       node201          0000:3A:00.0    -     -     -     22    -     -     -     0     22      
2026-01-29 14:35:11,034 - INFO -     3      10.1.3.201       node201          0000:5D:00.0    22    -     -     -     -     -     -     680   702     
2026-01-29 14:35:11,034 - INFO -     4      10.1.3.201       node201          0000:84:00.0    -     -     -     22    133   -     -     -     155     
2026-01-29 14:35:11,034 - INFO -     5      10.1.3.201       node201          0000:8B:00.0    22    -     -     -     0     -     -     -     22      
2026-01-29 14:35:11,035 - INFO -     6      10.1.3.201       node201          0000:91:00.0    -     -     0     20    -     -     0     -     20      
2026-01-29 14:35:11,035 - INFO -     7      10.1.3.201       node201          0000:A9:00.0    20    0     379   -     -     -     -     -     399     
2026-01-29 14:35:11,035 - INFO -     Note: Per-group min computed over participants only; '-' means non-participant
2026-01-29 14:35:11,035 - INFO - 
--------------------------------------------------------------------------------
2026-01-29 14:35:11,035 - INFO - DETAILED GROUP HASH ANALYSIS:
2026-01-29 14:35:11,035 - INFO - --------------------------------------------------------------------------------
2026-01-29 14:35:11,141 - INFO - ================================================================================
2026-01-29 14:35:11,141 - INFO - GROUP HASH SUMMARY:
2026-01-29 14:35:11,141 - INFO -   • Groups Analyzed: 3305
2026-01-29 14:35:11,142 - INFO -   • Total Operations: 6642
2026-01-29 14:35:11,142 - INFO -   • Total Ranks: 8
2026-01-29 14:35:11,142 - INFO -   • Slow Picks: 3305
2026-01-29 14:35:11,142 - INFO -   • Top Slow Ranks:
2026-01-29 14:35:11,142 - INFO -     Rank 1: Hostname=node201, IP=10.1.3.201, PCI=0000:2A:00.0
2026-01-29 14:35:11,142 - INFO -     Rank 3: Hostname=node201, IP=10.1.3.201, PCI=0000:5D:00.0
2026-01-29 14:35:11,142 - INFO -     Rank 7: Hostname=node201, IP=10.1.3.201, PCI=0000:A9:00.0
2026-01-29 14:35:11,142 - INFO - ================================================================================
